> Task :buildSrc:checkKotlinGradlePluginConfigurationErrors
> Task :buildSrc:generateExternalPluginSpecBuilders
> Task :buildSrc:extractPrecompiledScriptPluginPlugins
> Task :buildSrc:compilePluginsBlocks
> Task :buildSrc:generatePrecompiledScriptPluginAccessors
> Task :buildSrc:generateScriptPluginAdapters
> Task :buildSrc:pluginDescriptors
> Task :buildSrc:processResources
> Task :buildSrc:compileKotlin
> Task :buildSrc:compileJava NO-SOURCE
> Task :buildSrc:compileGroovy NO-SOURCE
> Task :buildSrc:classes
> Task :buildSrc:jar
> Task :checkKotlinGradlePluginConfigurationErrors SKIPPED
> Task :seqra-cir-sast-dataflow:checkKotlinGradlePluginConfigurationErrors SKIPPED
> Task :seqra-cir-sast-se:checkKotlinGradlePluginConfigurationErrors SKIPPED
> Task :seqra-cir-sast-se:extractIncludeProto
> Task :seqra-cir-sast-se:extractProto
> Task :seqra-cir-sast-se:generateProto
> Task :processResources NO-SOURCE
> Task :processTestResources
> Task :seqra-cir-sast-dataflow:processResources NO-SOURCE
> Task :seqra-cir-sast-se:processResources
> Task :seqra-cir-sast-dataflow:compileKotlin
> Task :seqra-cir-sast-dataflow:compileJava NO-SOURCE
> Task :seqra-cir-sast-dataflow:classes UP-TO-DATE
> Task :seqra-cir-sast-dataflow:jar
> Task :seqra-cir-sast-se:compileKotlin
> Task :seqra-cir-sast-se:compileJava
> Task :seqra-cir-sast-se:classes
> Task :seqra-cir-sast-se:jar
> Task :compileKotlin
> Task :compileJava NO-SOURCE
> Task :classes UP-TO-DATE
> Task :jar
> Task :compileTestKotlin
> Task :compileTestJava NO-SOURCE
> Task :testClasses

> Task :test

BigProjectsEntrypointsTest > bigProject(String, boolean, String, List) > 501116-v1.0.0:radius_load_dictionary STANDARD_OUT
    06:08:44.471 [Test worker] INFO  jetbrains.exodus.io.FileDataWriter -- Uninterruptible file channel will be used
    06:08:45.338 [Test worker] INFO  j.exodus.env.EnvironmentImpl -- Exodus environment created: /tmp/xodusKeyValueStorage5298652763109015067
    06:08:52.799 [Test worker] WARN  o.s.i.i.CIRClasspathImplKt$logger$1 -- Find function by symbol name 'radius_load_dictionary'
    06:08:54.749 [Test worker] INFO  o.s.d.a.i.TaintAnalysisUnitRunnerManager -- Starting analysis of 1 methods in 1 units
    06:08:55.985 [org.seqra.dataflow.ap.ifds.TaintAnalysisUnitRunnerManager-worker-1 @coroutine#2] WARN  o.s.i.i.CIRClasspathImplKt$logger$1 -- Find function by symbol name 'g_strdup_printf'
    06:08:55.987 [org.seqra.dataflow.ap.ifds.TaintAnalysisUnitRunnerManager-worker-1 @coroutine#2] WARN  o.s.i.i.CIRClasspathImplKt$logger$1 -- Ambiguous function resolution for symbol 'g_strdup_printf': [CIRFunctionID(moduleID=MLIRModuleID(id=/tmp/big-projects-work/buggy/wireshark-1.2-buggy/epan/dissectors/packet-radius.c), id=g_strdup_printf), CIRFunctionID(moduleID=MLIRModuleID(id=/tmp/big-projects-work/buggy/wireshark-1.2-buggy/epan/radius_dict.c), id=g_strdup_printf)]
    06:08:56.220 [org.seqra.dataflow.ap.ifds.TaintAnalysisUnitRunnerManager-worker-1 @coroutine#2] WARN  o.s.i.i.CIRClasspathImplKt$logger$1 -- Find function by symbol name 'g_string_new'
    06:08:56.221 [org.seqra.dataflow.ap.ifds.TaintAnalysisUnitRunnerManager-worker-1 @coroutine#2] WARN  o.s.i.i.CIRClasspathImplKt$logger$1 -- No definition for symbol 'g_string_new', using declaration CIRFunctionID(moduleID=MLIRModuleID(id=/tmp/big-projects-work/buggy/wireshark-1.2-buggy/epan/radius_dict.c), id=g_string_new)
    06:08:56.223 [org.seqra.dataflow.ap.ifds.TaintAnalysisUnitRunnerManager-worker-1 @coroutine#2] WARN  o.s.i.i.CIRClasspathImplKt$logger$1 -- Find function by symbol name 'fopen'
    06:08:56.223 [org.seqra.dataflow.ap.ifds.TaintAnalysisUnitRunnerManager-worker-1 @coroutine#2] WARN  o.s.i.i.CIRClasspathImplKt$logger$1 -- No definition for symbol 'fopen', using declaration CIRFunctionID(moduleID=MLIRModuleID(id=/tmp/big-projects-work/buggy/wireshark-1.2-buggy/epan/radius_dict.c), id=fopen)
    06:08:56.313 [org.seqra.dataflow.ap.ifds.TaintAnalysisUnitRunnerManager-worker-1 @coroutine#2] WARN  o.s.i.i.CIRClasspathImplKt$logger$1 -- Find function by symbol name 'g_hash_table_new'
    06:08:56.315 [org.seqra.dataflow.ap.ifds.TaintAnalysisUnitRunnerManager-worker-1 @coroutine#2] WARN  o.s.i.i.CIRClasspathImplKt$logger$1 -- Ambiguous function resolution for symbol 'g_hash_table_new': [CIRFunctionID(moduleID=MLIRModuleID(id=/tmp/big-projects-work/buggy/wireshark-1.2-buggy/epan/dissectors/packet-radius.c), id=g_hash_table_new), CIRFunctionID(moduleID=MLIRModuleID(id=/tmp/big-projects-work/buggy/wireshark-1.2-buggy/epan/radius_dict.c), id=g_hash_table_new)]
    06:08:56.318 [org.seqra.dataflow.ap.ifds.TaintAnalysisUnitRunnerManager-worker-1 @coroutine#2] WARN  o.s.i.i.CIRClasspathImplKt$logger$1 -- Find function by symbol name 'Radiuslex'
    06:08:56.428 [org.seqra.dataflow.ap.ifds.TaintAnalysisUnitRunnerManager-worker-1 @coroutine#2] WARN  o.s.i.i.CIRClasspathImplKt$logger$1 -- Find function by symbol name 'g_hash_table_foreach'
    06:08:56.430 [org.seqra.dataflow.ap.ifds.TaintAnalysisUnitRunnerManager-worker-1 @coroutine#2] WARN  o.s.i.i.CIRClasspathImplKt$logger$1 -- Ambiguous function resolution for symbol 'g_hash_table_foreach': [CIRFunctionID(moduleID=MLIRModuleID(id=/tmp/big-projects-work/buggy/wireshark-1.2-buggy/epan/dissectors/packet-radius.c), id=g_hash_table_foreach), CIRFunctionID(moduleID=MLIRModuleID(id=/tmp/big-projects-work/buggy/wireshark-1.2-buggy/epan/radius_dict.c), id=g_hash_table_foreach)]
    06:08:56.431 [org.seqra.dataflow.ap.ifds.TaintAnalysisUnitRunnerManager-worker-1 @coroutine#2] WARN  o.s.i.i.CIRClasspathImplKt$logger$1 -- Find function by symbol name 'g_hash_table_foreach_remove'
    06:08:56.432 [org.seqra.dataflow.ap.ifds.TaintAnalysisUnitRunnerManager-worker-1 @coroutine#2] WARN  o.s.i.i.CIRClasspathImplKt$logger$1 -- Ambiguous function resolution for symbol 'g_hash_table_foreach_remove': [CIRFunctionID(moduleID=MLIRModuleID(id=/tmp/big-projects-work/buggy/wireshark-1.2-buggy/epan/dissectors/packet-radius.c), id=g_hash_table_foreach_remove), CIRFunctionID(moduleID=MLIRModuleID(id=/tmp/big-projects-work/buggy/wireshark-1.2-buggy/epan/radius_dict.c), id=g_hash_table_foreach_remove)]
    06:08:56.641 [org.seqra.dataflow.ap.ifds.TaintAnalysisUnitRunnerManager-worker-1 @coroutine#2] WARN  o.s.i.i.CIRClasspathImplKt$logger$1 -- Find function by symbol name 'g_string_free'
    06:08:56.642 [org.seqra.dataflow.ap.ifds.TaintAnalysisUnitRunnerManager-worker-1 @coroutine#2] WARN  o.s.i.i.CIRClasspathImplKt$logger$1 -- Ambiguous function resolution for symbol 'g_string_free': [CIRFunctionID(moduleID=MLIRModuleID(id=/tmp/big-projects-work/buggy/wireshark-1.2-buggy/epan/dissectors/packet-radius.c), id=g_string_free), CIRFunctionID(moduleID=MLIRModuleID(id=/tmp/big-projects-work/buggy/wireshark-1.2-buggy/epan/radius_dict.c), id=g_string_free)]
    06:08:56.673 [org.seqra.dataflow.ap.ifds.TaintAnalysisUnitRunnerManager-worker-1 @coroutine#2] WARN  o.s.i.i.CIRClasspathImplKt$logger$1 -- Find function by symbol name 'g_string_free_and_steal'
    06:08:56.673 [org.seqra.dataflow.ap.ifds.TaintAnalysisUnitRunnerManager-worker-1 @coroutine#2] WARN  o.s.i.i.CIRClasspathImplKt$logger$1 -- No definition for symbol 'g_string_free_and_steal', using declaration CIRFunctionID(moduleID=MLIRModuleID(id=/tmp/big-projects-work/buggy/wireshark-1.2-buggy/epan/radius_dict.c), id=g_string_free_and_steal)
    06:08:56.674 [org.seqra.dataflow.ap.ifds.TaintAnalysisUnitRunnerManager-worker-1 @coroutine#2] WARN  o.s.i.i.CIRClasspathImplKt$logger$1 -- Find function by symbol name 'destroy_dict'
    06:08:56.707 [org.seqra.dataflow.ap.ifds.TaintAnalysisUnitRunnerManager-worker-1 @coroutine#2] WARN  o.s.i.i.CIRClasspathImplKt$logger$1 -- Find function by symbol name 'g_free'
    06:08:56.708 [org.seqra.dataflow.ap.ifds.TaintAnalysisUnitRunnerManager-worker-1 @coroutine#2] WARN  o.s.i.i.CIRClasspathImplKt$logger$1 -- Ambiguous function resolution for symbol 'g_free': [CIRFunctionID(moduleID=MLIRModuleID(id=/tmp/big-projects-work/buggy/wireshark-1.2-buggy/epan/dissectors/packet-radius.c), id=g_free), CIRFunctionID(moduleID=MLIRModuleID(id=/tmp/big-projects-work/buggy/wireshark-1.2-buggy/epan/radius_dict.c), id=g_free)]
    06:08:56.892 [org.seqra.dataflow.ap.ifds.TaintAnalysisUnitRunnerManager-worker-1 @coroutine#2] WARN  o.s.i.i.CIRClasspathImplKt$logger$1 -- Find function by symbol name 'fclose'
    06:08:56.893 [org.seqra.dataflow.ap.ifds.TaintAnalysisUnitRunnerManager-worker-1 @coroutine#2] WARN  o.s.i.i.CIRClasspathImplKt$logger$1 -- No definition for symbol 'fclose', using declaration CIRFunctionID(moduleID=MLIRModuleID(id=/tmp/big-projects-work/buggy/wireshark-1.2-buggy/epan/radius_dict.c), id=fclose)
    06:08:56.894 [org.seqra.dataflow.ap.ifds.TaintAnalysisUnitRunnerManager-worker-1 @coroutine#2] WARN  o.s.i.i.CIRClasspathImplKt$logger$1 -- Find function by symbol name '__errno_location'
    06:08:56.895 [org.seqra.dataflow.ap.ifds.TaintAnalysisUnitRunnerManager-worker-1 @coroutine#2] WARN  o.s.i.i.CIRClasspathImplKt$logger$1 -- No definition for symbol '__errno_location', using declaration CIRFunctionID(moduleID=MLIRModuleID(id=/tmp/big-projects-work/buggy/wireshark-1.2-buggy/epan/radius_dict.c), id=__errno_location)
    06:08:56.895 [org.seqra.dataflow.ap.ifds.TaintAnalysisUnitRunnerManager-worker-1 @coroutine#2] WARN  o.s.i.i.CIRClasspathImplKt$logger$1 -- Find function by symbol name 'strerror'
    06:08:56.896 [org.seqra.dataflow.ap.ifds.TaintAnalysisUnitRunnerManager-worker-1 @coroutine#2] WARN  o.s.i.i.CIRClasspathImplKt$logger$1 -- No definition for symbol 'strerror', using declaration CIRFunctionID(moduleID=MLIRModuleID(id=/tmp/big-projects-work/buggy/wireshark-1.2-buggy/epan/radius_dict.c), id=strerror)
    06:08:56.898 [org.seqra.dataflow.ap.ifds.TaintAnalysisUnitRunnerManager-worker-1 @coroutine#2] WARN  o.s.i.i.CIRClasspathImplKt$logger$1 -- Find function by symbol name 'g_string_append_printf'
    06:08:56.899 [org.seqra.dataflow.ap.ifds.TaintAnalysisUnitRunnerManager-worker-1 @coroutine#2] WARN  o.s.i.i.CIRClasspathImplKt$logger$1 -- Ambiguous function resolution for symbol 'g_string_append_printf': [CIRFunctionID(moduleID=MLIRModuleID(id=/tmp/big-projects-work/buggy/wireshark-1.2-buggy/epan/dissectors/packet-radius.c), id=g_string_append_printf), CIRFunctionID(moduleID=MLIRModuleID(id=/tmp/big-projects-work/buggy/wireshark-1.2-buggy/epan/radius_dict.c), id=g_string_append_printf)]
    06:08:56.921 [org.seqra.dataflow.ap.ifds.TaintAnalysisUnitRunnerManager-worker-1 @coroutine#2] WARN  o.s.i.i.CIRClasspathImplKt$logger$1 -- Find function by symbol name 'yy_fatal_error'
    06:08:56.943 [org.seqra.dataflow.ap.ifds.TaintAnalysisUnitRunnerManager-worker-1 @coroutine#2] WARN  o.s.i.i.CIRClasspathImplKt$logger$1 -- Find function by symbol name 'yy_get_next_buffer'
    06:08:56.987 [org.seqra.dataflow.ap.ifds.TaintAnalysisUnitRunnerManager-worker-1 @coroutine#2] WARN  o.s.i.i.CIRClasspathImplKt$logger$1 -- Find function by symbol name 'yy_get_previous_state'
    06:08:56.996 [org.seqra.dataflow.ap.ifds.TaintAnalysisUnitRunnerManager-worker-1 @coroutine#2] WARN  o.s.i.i.CIRClasspathImplKt$logger$1 -- Find function by symbol name 'Radiuswrap'
    06:08:56.998 [org.seqra.dataflow.ap.ifds.TaintAnalysisUnitRunnerManager-worker-1 @coroutine#2] WARN  o.s.i.i.CIRClasspathImplKt$logger$1 -- Find function by symbol name 'Radiusrestart'
    06:08:57.003 [org.seqra.dataflow.ap.ifds.TaintAnalysisUnitRunnerManager-worker-1 @coroutine#2] WARN  o.s.i.i.CIRClasspathImplKt$logger$1 -- Find function by symbol name 'yy_try_NUL_trans'
    06:08:57.009 [org.seqra.dataflow.ap.ifds.TaintAnalysisUnitRunnerManager-worker-1 @coroutine#2] WARN  o.s.i.i.CIRClasspathImplKt$logger$1 -- Find function by symbol name 'Radius_delete_buffer'
    06:08:57.013 [org.seqra.dataflow.ap.ifds.TaintAnalysisUnitRunnerManager-worker-1 @coroutine#2] WARN  o.s.i.i.CIRClasspathImplKt$logger$1 -- Find function by symbol name 'Radius_switch_to_buffer'
    06:08:57.564 [org.seqra.dataflow.ap.ifds.TaintAnalysisUnitRunnerManager-worker-1 @coroutine#2] WARN  o.s.i.i.CIRClasspathImplKt$logger$1 -- Find function by symbol name 'Radius_create_buffer'
    06:08:57.568 [org.seqra.dataflow.ap.ifds.TaintAnalysisUnitRunnerManager-worker-1 @coroutine#2] WARN  o.s.i.i.CIRClasspathImplKt$logger$1 -- Find function by symbol name 'g_strerror'
    06:08:57.569 [org.seqra.dataflow.ap.ifds.TaintAnalysisUnitRunnerManager-worker-1 @coroutine#2] WARN  o.s.i.i.CIRClasspathImplKt$logger$1 -- No definition for symbol 'g_strerror', using declaration CIRFunctionID(moduleID=MLIRModuleID(id=/tmp/big-projects-work/buggy/wireshark-1.2-buggy/epan/radius_dict.c), id=g_strerror)
    06:08:57.574 [org.seqra.dataflow.ap.ifds.TaintAnalysisUnitRunnerManager-worker-1 @coroutine#2] WARN  o.s.i.i.CIRClasspathImplKt$logger$1 -- Find function by symbol name 'strtol'
    06:08:57.575 [org.seqra.dataflow.ap.ifds.TaintAnalysisUnitRunnerManager-worker-1 @coroutine#2] WARN  o.s.i.i.CIRClasspathImplKt$logger$1 -- No definition for symbol 'strtol', using declaration CIRFunctionID(moduleID=MLIRModuleID(id=/tmp/big-projects-work/buggy/wireshark-1.2-buggy/epan/radius_dict.c), id=strtol)
    06:08:57.576 [org.seqra.dataflow.ap.ifds.TaintAnalysisUnitRunnerManager-worker-1 @coroutine#2] WARN  o.s.i.i.CIRClasspathImplKt$logger$1 -- Find function by symbol name 'add_value'
    06:08:57.828 [org.seqra.dataflow.ap.ifds.TaintAnalysisUnitRunnerManager-worker-1 @coroutine#2] WARN  o.s.i.i.CIRClasspathImplKt$logger$1 -- Find function by symbol name 'g_strdup_inline'
    06:08:57.844 [org.seqra.dataflow.ap.ifds.TaintAnalysisUnitRunnerManager-worker-1 @coroutine#2] WARN  o.s.i.i.CIRClasspathImplKt$logger$1 -- Ambiguous function resolution for symbol 'g_strdup_inline': [CIRFunctionID(moduleID=MLIRModuleID(id=/tmp/big-projects-work/buggy/wireshark-1.2-buggy/epan/dissectors/packet-radius.c), id=g_strdup_inline), CIRFunctionID(moduleID=MLIRModuleID(id=/tmp/big-projects-work/buggy/wireshark-1.2-buggy/epan/radius_dict.c), id=g_strdup_inline)]
    06:08:57.845 [org.seqra.dataflow.ap.ifds.TaintAnalysisUnitRunnerManager-worker-1 @coroutine#2] WARN  o.s.i.i.CIRClasspathImplKt$logger$1 -- Find function by symbol name 'g_strdup_inline'
    06:08:57.846 [org.seqra.dataflow.ap.ifds.TaintAnalysisUnitRunnerManager-worker-1 @coroutine#2] WARN  o.s.i.i.CIRClasspathImplKt$logger$1 -- Ambiguous function resolution for symbol 'g_strdup_inline': [CIRFunctionID(moduleID=MLIRModuleID(id=/tmp/big-projects-work/buggy/wireshark-1.2-buggy/epan/dissectors/packet-radius.c), id=g_strdup_inline), CIRFunctionID(moduleID=MLIRModuleID(id=/tmp/big-projects-work/buggy/wireshark-1.2-buggy/epan/radius_dict.c), id=g_strdup_inline)]
    06:08:57.846 [org.seqra.dataflow.ap.ifds.TaintAnalysisUnitRunnerManager-worker-1 @coroutine#2] WARN  o.s.i.i.CIRClasspathImplKt$logger$1 -- Find function by symbol name 'add_attribute'
    06:08:57.873 [org.seqra.dataflow.ap.ifds.TaintAnalysisUnitRunnerManager-worker-1 @coroutine#2] WARN  o.s.i.i.CIRClasspathImplKt$logger$1 -- Find function by symbol name 'g_strdup_inline'
    06:08:57.874 [org.seqra.dataflow.ap.ifds.TaintAnalysisUnitRunnerManager-worker-1 @coroutine#2] WARN  o.s.i.i.CIRClasspathImplKt$logger$1 -- Ambiguous function resolution for symbol 'g_strdup_inline': [CIRFunctionID(moduleID=MLIRModuleID(id=/tmp/big-projects-work/buggy/wireshark-1.2-buggy/epan/dissectors/packet-radius.c), id=g_strdup_inline), CIRFunctionID(moduleID=MLIRModuleID(id=/tmp/big-projects-work/buggy/wireshark-1.2-buggy/epan/radius_dict.c), id=g_strdup_inline)]
    06:08:57.876 [org.seqra.dataflow.ap.ifds.TaintAnalysisUnitRunnerManager-worker-1 @coroutine#2] WARN  o.s.i.i.CIRClasspathImplKt$logger$1 -- Find function by symbol name 'strtoul'
    06:08:57.876 [org.seqra.dataflow.ap.ifds.TaintAnalysisUnitRunnerManager-worker-1 @coroutine#2] WARN  o.s.i.i.CIRClasspathImplKt$logger$1 -- No definition for symbol 'strtoul', using declaration CIRFunctionID(moduleID=MLIRModuleID(id=/tmp/big-projects-work/buggy/wireshark-1.2-buggy/epan/radius_dict.c), id=strtoul)
    06:08:57.878 [org.seqra.dataflow.ap.ifds.TaintAnalysisUnitRunnerManager-worker-1 @coroutine#2] WARN  o.s.i.i.CIRClasspathImplKt$logger$1 -- Find function by symbol name 'g_strdup_inline'
    06:08:57.879 [org.seqra.dataflow.ap.ifds.TaintAnalysisUnitRunnerManager-worker-1 @coroutine#2] WARN  o.s.i.i.CIRClasspathImplKt$logger$1 -- Ambiguous function resolution for symbol 'g_strdup_inline': [CIRFunctionID(moduleID=MLIRModuleID(id=/tmp/big-projects-work/buggy/wireshark-1.2-buggy/epan/dissectors/packet-radius.c), id=g_strdup_inline), CIRFunctionID(moduleID=MLIRModuleID(id=/tmp/big-projects-work/buggy/wireshark-1.2-buggy/epan/radius_dict.c), id=g_strdup_inline)]
    06:08:57.879 [org.seqra.dataflow.ap.ifds.TaintAnalysisUnitRunnerManager-worker-1 @coroutine#2] WARN  o.s.i.i.CIRClasspathImplKt$logger$1 -- Find function by symbol name 'g_strdup_inline'
    06:08:57.880 [org.seqra.dataflow.ap.ifds.TaintAnalysisUnitRunnerManager-worker-1 @coroutine#2] WARN  o.s.i.i.CIRClasspathImplKt$logger$1 -- Ambiguous function resolution for symbol 'g_strdup_inline': [CIRFunctionID(moduleID=MLIRModuleID(id=/tmp/big-projects-work/buggy/wireshark-1.2-buggy/epan/dissectors/packet-radius.c), id=g_strdup_inline), CIRFunctionID(moduleID=MLIRModuleID(id=/tmp/big-projects-work/buggy/wireshark-1.2-buggy/epan/radius_dict.c), id=g_strdup_inline)]
    06:08:57.880 [org.seqra.dataflow.ap.ifds.TaintAnalysisUnitRunnerManager-worker-1 @coroutine#2] WARN  o.s.i.i.CIRClasspathImplKt$logger$1 -- Find function by symbol name 'add_vendor'
    06:08:57.889 [org.seqra.dataflow.ap.ifds.TaintAnalysisUnitRunnerManager-worker-1 @coroutine#2] WARN  o.s.i.i.CIRClasspathImplKt$logger$1 -- Find function by symbol name 'g_strdup_inline'
    06:08:57.890 [org.seqra.dataflow.ap.ifds.TaintAnalysisUnitRunnerManager-worker-1 @coroutine#2] WARN  o.s.i.i.CIRClasspathImplKt$logger$1 -- Ambiguous function resolution for symbol 'g_strdup_inline': [CIRFunctionID(moduleID=MLIRModuleID(id=/tmp/big-projects-work/buggy/wireshark-1.2-buggy/epan/dissectors/packet-radius.c), id=g_strdup_inline), CIRFunctionID(moduleID=MLIRModuleID(id=/tmp/big-projects-work/buggy/wireshark-1.2-buggy/epan/radius_dict.c), id=g_strdup_inline)]
    06:08:57.892 [org.seqra.dataflow.ap.ifds.TaintAnalysisUnitRunnerManager-worker-1 @coroutine#2] WARN  o.s.i.i.CIRClasspathImplKt$logger$1 -- Find function by symbol name 'g_strdup_inline'
    06:08:57.892 [org.seqra.dataflow.ap.ifds.TaintAnalysisUnitRunnerManager-worker-1 @coroutine#2] WARN  o.s.i.i.CIRClasspathImplKt$logger$1 -- Ambiguous function resolution for symbol 'g_strdup_inline': [CIRFunctionID(moduleID=MLIRModuleID(id=/tmp/big-projects-work/buggy/wireshark-1.2-buggy/epan/dissectors/packet-radius.c), id=g_strdup_inline), CIRFunctionID(moduleID=MLIRModuleID(id=/tmp/big-projects-work/buggy/wireshark-1.2-buggy/epan/radius_dict.c), id=g_strdup_inline)]
    06:08:57.895 [org.seqra.dataflow.ap.ifds.TaintAnalysisUnitRunnerManager-worker-1 @coroutine#2] WARN  o.s.i.i.CIRClasspathImplKt$logger$1 -- Find function by symbol name 'g_strdup_inline'
    06:08:57.896 [org.seqra.dataflow.ap.ifds.TaintAnalysisUnitRunnerManager-worker-1 @coroutine#2] WARN  o.s.i.i.CIRClasspathImplKt$logger$1 -- Ambiguous function resolution for symbol 'g_strdup_inline': [CIRFunctionID(moduleID=MLIRModuleID(id=/tmp/big-projects-work/buggy/wireshark-1.2-buggy/epan/dissectors/packet-radius.c), id=g_strdup_inline), CIRFunctionID(moduleID=MLIRModuleID(id=/tmp/big-projects-work/buggy/wireshark-1.2-buggy/epan/radius_dict.c), id=g_strdup_inline)]
    06:09:05.058 [org.seqra.dataflow.ap.ifds.TaintAnalysisUnitRunnerManager-progress @coroutine#3] INFO  o.s.d.a.i.TaintAnalysisUnitRunnerManager -- Progress: 3/116
    06:09:05.069 [org.seqra.dataflow.ap.ifds.TaintAnalysisUnitRunnerManager-progress @coroutine#3] INFO  o.s.d.a.i.TaintAnalysisUnitRunnerManager -- Memory usage: 12260923472/12884901888 (95.16%)
    06:09:15.070 [org.seqra.dataflow.ap.ifds.TaintAnalysisUnitRunnerManager-progress @coroutine#3] INFO  o.s.d.a.i.TaintAnalysisUnitRunnerManager -- Progress: 3/131
    06:09:15.070 [org.seqra.dataflow.ap.ifds.TaintAnalysisUnitRunnerManager-progress @coroutine#3] INFO  o.s.d.a.i.TaintAnalysisUnitRunnerManager -- Memory usage: 12600823928/12884901888 (97.80%)
    06:09:16.783 [org.seqra.dataflow.ap.ifds.TaintAnalysisUnitRunnerManager-worker-1 @coroutine#2] WARN  o.s.i.i.CIRClasspathImplKt$logger$1 -- Find function by symbol name 'Radius_load_buffer_state'
    06:09:16.787 [org.seqra.dataflow.ap.ifds.TaintAnalysisUnitRunnerManager-worker-1 @coroutine#2] WARN  o.s.i.i.CIRClasspathImplKt$logger$1 -- Find function by symbol name 'Radiusensure_buffer_stack'
    06:09:16.927 [org.seqra.dataflow.ap.ifds.TaintAnalysisUnitRunnerManager-worker-1 @coroutine#2] WARN  o.s.i.i.CIRClasspathImplKt$logger$1 -- Find function by symbol name 'Radiusfree'
    06:09:17.175 [org.seqra.dataflow.ap.ifds.TaintAnalysisUnitRunnerManager-worker-1 @coroutine#2] WARN  o.s.i.i.CIRClasspathImplKt$logger$1 -- Find function by symbol name 'Radiusrealloc'
    06:09:17.178 [org.seqra.dataflow.ap.ifds.TaintAnalysisUnitRunnerManager-worker-1 @coroutine#2] WARN  o.s.i.i.CIRClasspathImplKt$logger$1 -- Find function by symbol name 'Radiusalloc'
    06:09:17.180 [org.seqra.dataflow.ap.ifds.TaintAnalysisUnitRunnerManager-worker-1 @coroutine#2] WARN  o.s.i.i.CIRClasspathImplKt$logger$1 -- Find function by symbol name 'g_hash_table_lookup'
    06:09:17.181 [org.seqra.dataflow.ap.ifds.TaintAnalysisUnitRunnerManager-worker-1 @coroutine#2] WARN  o.s.i.i.CIRClasspathImplKt$logger$1 -- Ambiguous function resolution for symbol 'g_hash_table_lookup': [CIRFunctionID(moduleID=MLIRModuleID(id=/tmp/big-projects-work/buggy/wireshark-1.2-buggy/epan/dissectors/packet-radius.c), id=g_hash_table_lookup), CIRFunctionID(moduleID=MLIRModuleID(id=/tmp/big-projects-work/buggy/wireshark-1.2-buggy/epan/radius_dict.c), id=g_hash_table_lookup)]
    06:09:17.182 [org.seqra.dataflow.ap.ifds.TaintAnalysisUnitRunnerManager-worker-1 @coroutine#2] WARN  o.s.i.i.CIRClasspathImplKt$logger$1 -- Find function by symbol name 'g_strdup_inline'
    06:09:17.183 [org.seqra.dataflow.ap.ifds.TaintAnalysisUnitRunnerManager-worker-1 @coroutine#2] WARN  o.s.i.i.CIRClasspathImplKt$logger$1 -- Ambiguous function resolution for symbol 'g_strdup_inline': [CIRFunctionID(moduleID=MLIRModuleID(id=/tmp/big-projects-work/buggy/wireshark-1.2-buggy/epan/dissectors/packet-radius.c), id=g_strdup_inline), CIRFunctionID(moduleID=MLIRModuleID(id=/tmp/big-projects-work/buggy/wireshark-1.2-buggy/epan/radius_dict.c), id=g_strdup_inline)]
    06:09:17.183 [org.seqra.dataflow.ap.ifds.TaintAnalysisUnitRunnerManager-worker-1 @coroutine#2] WARN  o.s.i.i.CIRClasspathImplKt$logger$1 -- Find function by symbol name 'g_array_append_vals'
    06:09:17.184 [org.seqra.dataflow.ap.ifds.TaintAnalysisUnitRunnerManager-worker-1 @coroutine#2] WARN  o.s.i.i.CIRClasspathImplKt$logger$1 -- Ambiguous function resolution for symbol 'g_array_append_vals': [CIRFunctionID(moduleID=MLIRModuleID(id=/tmp/big-projects-work/buggy/wireshark-1.2-buggy/epan/dissectors/packet-radius.c), id=g_array_append_vals), CIRFunctionID(moduleID=MLIRModuleID(id=/tmp/big-projects-work/buggy/wireshark-1.2-buggy/epan/radius_dict.c), id=g_array_append_vals)]
    06:09:17.184 [org.seqra.dataflow.ap.ifds.TaintAnalysisUnitRunnerManager-worker-1 @coroutine#2] WARN  o.s.i.i.CIRClasspathImplKt$logger$1 -- Find function by symbol name 'g_array_new'
    06:09:17.185 [org.seqra.dataflow.ap.ifds.TaintAnalysisUnitRunnerManager-worker-1 @coroutine#2] WARN  o.s.i.i.CIRClasspathImplKt$logger$1 -- Ambiguous function resolution for symbol 'g_array_new': [CIRFunctionID(moduleID=MLIRModuleID(id=/tmp/big-projects-work/buggy/wireshark-1.2-buggy/epan/dissectors/packet-radius.c), id=g_array_new), CIRFunctionID(moduleID=MLIRModuleID(id=/tmp/big-projects-work/buggy/wireshark-1.2-buggy/epan/radius_dict.c), id=g_array_new)]
    06:09:17.186 [org.seqra.dataflow.ap.ifds.TaintAnalysisUnitRunnerManager-worker-1 @coroutine#2] WARN  o.s.i.i.CIRClasspathImplKt$logger$1 -- Find function by symbol name 'g_strdup_inline'
    06:09:17.187 [org.seqra.dataflow.ap.ifds.TaintAnalysisUnitRunnerManager-worker-1 @coroutine#2] WARN  o.s.i.i.CIRClasspathImplKt$logger$1 -- Ambiguous function resolution for symbol 'g_strdup_inline': [CIRFunctionID(moduleID=MLIRModuleID(id=/tmp/big-projects-work/buggy/wireshark-1.2-buggy/epan/dissectors/packet-radius.c), id=g_strdup_inline), CIRFunctionID(moduleID=MLIRModuleID(id=/tmp/big-projects-work/buggy/wireshark-1.2-buggy/epan/radius_dict.c), id=g_strdup_inline)]
    06:09:17.187 [org.seqra.dataflow.ap.ifds.TaintAnalysisUnitRunnerManager-worker-1 @coroutine#2] WARN  o.s.i.i.CIRClasspathImplKt$logger$1 -- Find function by symbol name 'g_hash_table_insert'
    06:09:17.188 [org.seqra.dataflow.ap.ifds.TaintAnalysisUnitRunnerManager-worker-1 @coroutine#2] WARN  o.s.i.i.CIRClasspathImplKt$logger$1 -- Ambiguous function resolution for symbol 'g_hash_table_insert': [CIRFunctionID(moduleID=MLIRModuleID(id=/tmp/big-projects-work/buggy/wireshark-1.2-buggy/epan/dissectors/packet-radius.c), id=g_hash_table_insert), CIRFunctionID(moduleID=MLIRModuleID(id=/tmp/big-projects-work/buggy/wireshark-1.2-buggy/epan/radius_dict.c), id=g_hash_table_insert)]
    06:09:17.189 [org.seqra.dataflow.ap.ifds.TaintAnalysisUnitRunnerManager-worker-1 @coroutine#2] WARN  o.s.i.i.CIRClasspathImplKt$logger$1 -- Find function by symbol name 'malloc'
    06:09:17.189 [org.seqra.dataflow.ap.ifds.TaintAnalysisUnitRunnerManager-worker-1 @coroutine#2] WARN  o.s.i.i.CIRClasspathImplKt$logger$1 -- No definition for symbol 'malloc', using declaration CIRFunctionID(moduleID=MLIRModuleID(id=/tmp/big-projects-work/buggy/wireshark-1.2-buggy/epan/radius_dict.c), id=malloc)
    06:09:17.190 [org.seqra.dataflow.ap.ifds.TaintAnalysisUnitRunnerManager-worker-1 @coroutine#2] WARN  o.s.i.i.CIRClasspathImplKt$logger$1 -- Find function by symbol name 'g_strdup_inline'
    06:09:17.191 [org.seqra.dataflow.ap.ifds.TaintAnalysisUnitRunnerManager-worker-1 @coroutine#2] WARN  o.s.i.i.CIRClasspathImplKt$logger$1 -- Ambiguous function resolution for symbol 'g_strdup_inline': [CIRFunctionID(moduleID=MLIRModuleID(id=/tmp/big-projects-work/buggy/wireshark-1.2-buggy/epan/dissectors/packet-radius.c), id=g_strdup_inline), CIRFunctionID(moduleID=MLIRModuleID(id=/tmp/big-projects-work/buggy/wireshark-1.2-buggy/epan/radius_dict.c), id=g_strdup_inline)]
    06:09:17.260 [org.seqra.dataflow.ap.ifds.TaintAnalysisUnitRunnerManager-worker-1 @coroutine#2] WARN  o.s.i.i.CIRClasspathImplKt$logger$1 -- Find function by symbol name 'g_malloc'
    06:09:17.261 [org.seqra.dataflow.ap.ifds.TaintAnalysisUnitRunnerManager-worker-1 @coroutine#2] WARN  o.s.i.i.CIRClasspathImplKt$logger$1 -- Ambiguous function resolution for symbol 'g_malloc': [CIRFunctionID(moduleID=MLIRModuleID(id=/tmp/big-projects-work/buggy/wireshark-1.2-buggy/epan/dissectors/packet-radius.c), id=g_malloc), CIRFunctionID(moduleID=MLIRModuleID(id=/tmp/big-projects-work/buggy/wireshark-1.2-buggy/epan/radius_dict.c), id=g_malloc)]
    06:09:17.262 [org.seqra.dataflow.ap.ifds.TaintAnalysisUnitRunnerManager-worker-1 @coroutine#2] WARN  o.s.i.i.CIRClasspathImplKt$logger$1 -- Find function by symbol name 'add_tlv'
    06:09:17.925 [org.seqra.dataflow.ap.ifds.TaintAnalysisUnitRunnerManager-worker-1 @coroutine#2] WARN  o.s.i.i.CIRClasspathImplKt$logger$1 -- Find function by symbol name 'fprintf'
    06:09:17.926 [org.seqra.dataflow.ap.ifds.TaintAnalysisUnitRunnerManager-worker-1 @coroutine#2] WARN  o.s.i.i.CIRClasspathImplKt$logger$1 -- No definition for symbol 'fprintf', using declaration CIRFunctionID(moduleID=MLIRModuleID(id=/tmp/big-projects-work/buggy/wireshark-1.2-buggy/epan/radius_dict.c), id=fprintf)
    06:09:17.927 [org.seqra.dataflow.ap.ifds.TaintAnalysisUnitRunnerManager-worker-1 @coroutine#2] WARN  o.s.i.i.CIRClasspathImplKt$logger$1 -- Find function by symbol name 'exit'
    06:09:17.927 [org.seqra.dataflow.ap.ifds.TaintAnalysisUnitRunnerManager-worker-1 @coroutine#2] WARN  o.s.i.i.CIRClasspathImplKt$logger$1 -- Ambiguous function resolution for symbol 'exit': [CIRFunctionID(moduleID=MLIRModuleID(id=/tmp/big-projects-work/buggy/wireshark-1.2-buggy/epan/dissectors/packet-radius.c), id=exit), CIRFunctionID(moduleID=MLIRModuleID(id=/tmp/big-projects-work/buggy/wireshark-1.2-buggy/epan/radius_dict.c), id=exit)]
    06:09:17.933 [org.seqra.dataflow.ap.ifds.TaintAnalysisUnitRunnerManager-worker-1 @coroutine#2] WARN  o.s.i.i.CIRClasspathImplKt$logger$1 -- Find function by symbol name 'g_strdup_inline'
    06:09:17.934 [org.seqra.dataflow.ap.ifds.TaintAnalysisUnitRunnerManager-worker-1 @coroutine#2] WARN  o.s.i.i.CIRClasspathImplKt$logger$1 -- Ambiguous function resolution for symbol 'g_strdup_inline': [CIRFunctionID(moduleID=MLIRModuleID(id=/tmp/big-projects-work/buggy/wireshark-1.2-buggy/epan/dissectors/packet-radius.c), id=g_strdup_inline), CIRFunctionID(moduleID=MLIRModuleID(id=/tmp/big-projects-work/buggy/wireshark-1.2-buggy/epan/radius_dict.c), id=g_strdup_inline)]
    06:09:17.963 [org.seqra.dataflow.ap.ifds.TaintAnalysisUnitRunnerManager-worker-1 @coroutine#2] WARN  o.s.i.i.CIRClasspathImplKt$logger$1 -- Find function by symbol name 'fread'
    06:09:17.964 [org.seqra.dataflow.ap.ifds.TaintAnalysisUnitRunnerManager-worker-1 @coroutine#2] WARN  o.s.i.i.CIRClasspathImplKt$logger$1 -- No definition for symbol 'fread', using declaration CIRFunctionID(moduleID=MLIRModuleID(id=/tmp/big-projects-work/buggy/wireshark-1.2-buggy/epan/radius_dict.c), id=fread)
    06:09:17.965 [org.seqra.dataflow.ap.ifds.TaintAnalysisUnitRunnerManager-worker-1 @coroutine#2] WARN  o.s.i.i.CIRClasspathImplKt$logger$1 -- Find function by symbol name 'clearerr'
    06:09:17.966 [org.seqra.dataflow.ap.ifds.TaintAnalysisUnitRunnerManager-worker-1 @coroutine#2] WARN  o.s.i.i.CIRClasspathImplKt$logger$1 -- No definition for symbol 'clearerr', using declaration CIRFunctionID(moduleID=MLIRModuleID(id=/tmp/big-projects-work/buggy/wireshark-1.2-buggy/epan/radius_dict.c), id=clearerr)
    06:09:17.966 [org.seqra.dataflow.ap.ifds.TaintAnalysisUnitRunnerManager-worker-1 @coroutine#2] WARN  o.s.i.i.CIRClasspathImplKt$logger$1 -- Find function by symbol name 'ferror'
    06:09:17.967 [org.seqra.dataflow.ap.ifds.TaintAnalysisUnitRunnerManager-worker-1 @coroutine#2] WARN  o.s.i.i.CIRClasspathImplKt$logger$1 -- No definition for symbol 'ferror', using declaration CIRFunctionID(moduleID=MLIRModuleID(id=/tmp/big-projects-work/buggy/wireshark-1.2-buggy/epan/radius_dict.c), id=ferror)
    06:09:17.968 [org.seqra.dataflow.ap.ifds.TaintAnalysisUnitRunnerManager-worker-1 @coroutine#2] WARN  o.s.i.i.CIRClasspathImplKt$logger$1 -- Find function by symbol name 'getc'
    06:09:17.968 [org.seqra.dataflow.ap.ifds.TaintAnalysisUnitRunnerManager-worker-1 @coroutine#2] WARN  o.s.i.i.CIRClasspathImplKt$logger$1 -- No definition for symbol 'getc', using declaration CIRFunctionID(moduleID=MLIRModuleID(id=/tmp/big-projects-work/buggy/wireshark-1.2-buggy/epan/radius_dict.c), id=getc)
    06:09:17.971 [org.seqra.dataflow.ap.ifds.TaintAnalysisUnitRunnerManager-worker-1 @coroutine#2] WARN  o.s.i.i.CIRClasspathImplKt$logger$1 -- Find function by symbol name 'free'
    06:09:17.972 [org.seqra.dataflow.ap.ifds.TaintAnalysisUnitRunnerManager-worker-1 @coroutine#2] WARN  o.s.i.i.CIRClasspathImplKt$logger$1 -- No definition for symbol 'free', using declaration CIRFunctionID(moduleID=MLIRModuleID(id=/tmp/big-projects-work/buggy/wireshark-1.2-buggy/epan/radius_dict.c), id=free)
    06:09:17.980 [org.seqra.dataflow.ap.ifds.TaintAnalysisUnitRunnerManager-worker-1 @coroutine#2] WARN  o.s.i.i.CIRClasspathImplKt$logger$1 -- Find function by symbol name 'Radius_init_buffer'
    06:09:17.983 [org.seqra.dataflow.ap.ifds.TaintAnalysisUnitRunnerManager-worker-1 @coroutine#2] WARN  o.s.i.i.CIRClasspathImplKt$logger$1 -- Find function by symbol name 'Radius_flush_buffer'
    06:09:17.987 [org.seqra.dataflow.ap.ifds.TaintAnalysisUnitRunnerManager-worker-1 @coroutine#2] WARN  o.s.i.i.CIRClasspathImplKt$logger$1 -- Find function by symbol name 'g_hash_table_destroy'
    06:09:17.989 [org.seqra.dataflow.ap.ifds.TaintAnalysisUnitRunnerManager-worker-1 @coroutine#2] WARN  o.s.i.i.CIRClasspathImplKt$logger$1 -- Ambiguous function resolution for symbol 'g_hash_table_destroy': [CIRFunctionID(moduleID=MLIRModuleID(id=/tmp/big-projects-work/buggy/wireshark-1.2-buggy/epan/dissectors/packet-radius.c), id=g_hash_table_destroy), CIRFunctionID(moduleID=MLIRModuleID(id=/tmp/big-projects-work/buggy/wireshark-1.2-buggy/epan/radius_dict.c), id=g_hash_table_destroy)]
    06:09:18.001 [org.seqra.dataflow.ap.ifds.TaintAnalysisUnitRunnerManager-worker-1 @coroutine#2] WARN  o.s.i.i.CIRClasspathImplKt$logger$1 -- Find function by symbol name 'realloc'
    06:09:18.002 [org.seqra.dataflow.ap.ifds.TaintAnalysisUnitRunnerManager-worker-1 @coroutine#2] WARN  o.s.i.i.CIRClasspathImplKt$logger$1 -- No definition for symbol 'realloc', using declaration CIRFunctionID(moduleID=MLIRModuleID(id=/tmp/big-projects-work/buggy/wireshark-1.2-buggy/epan/radius_dict.c), id=realloc)
    06:09:18.004 [org.seqra.dataflow.ap.ifds.TaintAnalysisUnitRunnerManager-worker-1 @coroutine#2] WARN  o.s.i.i.CIRClasspathImplKt$logger$1 -- Find function by symbol name 'g_strdup_inline'
    06:09:18.005 [org.seqra.dataflow.ap.ifds.TaintAnalysisUnitRunnerManager-worker-1 @coroutine#2] WARN  o.s.i.i.CIRClasspathImplKt$logger$1 -- Ambiguous function resolution for symbol 'g_strdup_inline': [CIRFunctionID(moduleID=MLIRModuleID(id=/tmp/big-projects-work/buggy/wireshark-1.2-buggy/epan/dissectors/packet-radius.c), id=g_strdup_inline), CIRFunctionID(moduleID=MLIRModuleID(id=/tmp/big-projects-work/buggy/wireshark-1.2-buggy/epan/radius_dict.c), id=g_strdup_inline)]
    06:09:18.265 [Test worker @coroutine#4] INFO  o.s.d.a.i.TaintAnalysisUnitRunnerManager -- Progress: 656/0
    06:09:18.265 [Test worker @coroutine#4] INFO  o.s.d.a.i.TaintAnalysisUnitRunnerManager -- Memory usage: 12175114824/12884901888 (94.49%)
    06:09:18.271 [Test worker @coroutine#4] INFO  o.s.d.a.i.TaintAnalysisUnitRunnerManager -- Analysis done in 23.529554595s
    06:09:18.272 [Test worker] INFO  o.s.c.s.d.CIRTaintAnalyzer$Loader$logger$1 -- Total vulnerabilities: 114
    06:09:18.272 [Test worker] INFO  o.s.c.s.d.CIRTaintAnalyzer$Loader$logger$1 -- Start trace generation
    06:09:19.252 [Test worker] INFO  o.s.d.a.i.TaintAnalysisUnitRunnerManager -- Resolved 114/114 traces
    06:09:19.253 [Test worker] INFO  o.s.c.s.d.CIRTaintAnalyzer$Loader$logger$1 -- Finish trace generation
    06:09:41.874 [Test worker] INFO  o.s.c.s.s.k.KleeCirSeAnalyzer$logger$1 -- cir-klee exit=0 confirmed=false mem_errs=0 precond_violations=0 klee_ms=1063.489668 instr=0 guide_ms=0.0 assert_ms=0.646042
    06:10:03.249 [Test worker] INFO  o.s.c.s.s.k.KleeCirSeAnalyzer$logger$1 -- cir-klee exit=0 confirmed=false mem_errs=0 precond_violations=0 klee_ms=990.779543 instr=0 guide_ms=0.0 assert_ms=0.626208
    06:10:23.916 [Test worker] INFO  o.s.c.s.s.k.KleeCirSeAnalyzer$logger$1 -- cir-klee exit=0 confirmed=false mem_errs=0 precond_violations=0 klee_ms=1026.770875 instr=0 guide_ms=0.0 assert_ms=0.626542
    06:10:44.943 [Test worker] INFO  o.s.c.s.s.k.KleeCirSeAnalyzer$logger$1 -- cir-klee exit=0 confirmed=false mem_errs=0 precond_violations=0 klee_ms=1022.267042 instr=0 guide_ms=0.0 assert_ms=0.9785
    06:11:05.746 [Test worker] INFO  o.s.c.s.s.k.KleeCirSeAnalyzer$logger$1 -- cir-klee exit=0 confirmed=false mem_errs=0 precond_violations=0 klee_ms=1010.44775 instr=0 guide_ms=0.0 assert_ms=0.63325
    06:11:26.491 [Test worker] INFO  o.s.c.s.s.k.KleeCirSeAnalyzer$logger$1 -- cir-klee exit=0 confirmed=false mem_errs=0 precond_violations=0 klee_ms=992.253458 instr=0 guide_ms=0.0 assert_ms=0.654291
    06:11:46.990 [Test worker] INFO  o.s.c.s.s.k.KleeCirSeAnalyzer$logger$1 -- cir-klee exit=0 confirmed=false mem_errs=0 precond_violations=0 klee_ms=1010.801376 instr=0 guide_ms=0.0 assert_ms=0.660708
    06:12:07.458 [Test worker] INFO  o.s.c.s.s.k.KleeCirSeAnalyzer$logger$1 -- cir-klee exit=0 confirmed=false mem_errs=0 precond_violations=0 klee_ms=1004.749459 instr=0 guide_ms=0.0 assert_ms=0.636
    06:12:27.970 [Test worker] INFO  o.s.c.s.s.k.KleeCirSeAnalyzer$logger$1 -- cir-klee exit=0 confirmed=false mem_errs=0 precond_violations=0 klee_ms=1001.899001 instr=0 guide_ms=0.0 assert_ms=0.642959
    06:12:48.541 [Test worker] INFO  o.s.c.s.s.k.KleeCirSeAnalyzer$logger$1 -- cir-klee exit=0 confirmed=false mem_errs=0 precond_violations=0 klee_ms=1015.874543 instr=0 guide_ms=0.0 assert_ms=0.6425
    06:13:09.238 [Test worker] INFO  o.s.c.s.s.k.KleeCirSeAnalyzer$logger$1 -- cir-klee exit=0 confirmed=false mem_errs=0 precond_violations=0 klee_ms=1008.788459 instr=0 guide_ms=0.0 assert_ms=0.705708
    06:13:30.238 [Test worker] INFO  o.s.c.s.s.k.KleeCirSeAnalyzer$logger$1 -- cir-klee exit=0 confirmed=false mem_errs=0 precond_violations=0 klee_ms=1007.118209 instr=0 guide_ms=0.0 assert_ms=9.888458
    06:13:50.955 [Test worker] INFO  o.s.c.s.s.k.KleeCirSeAnalyzer$logger$1 -- cir-klee exit=0 confirmed=false mem_errs=0 precond_violations=0 klee_ms=1001.080751 instr=0 guide_ms=0.0 assert_ms=10.519875
    06:14:11.978 [Test worker] INFO  o.s.c.s.s.k.KleeCirSeAnalyzer$logger$1 -- cir-klee exit=0 confirmed=false mem_errs=0 precond_violations=0 klee_ms=1007.815167 instr=0 guide_ms=0.0 assert_ms=10.992333

BigProjectsEntrypointsTest > bigProject(String, boolean, String, List) > 501116-v1.0.0:radius_load_dictionary FAILED
    org.opentest4j.AssertionFailedError at BigProjectsEntrypointsTest.kt:39

BigProjectsEntrypointsTest > bigProject(String, boolean, String, List) > 501116-v1.0.0:destroy_dict STANDARD_OUT
    06:14:13.599 [Test worker] INFO  j.exodus.env.EnvironmentImpl -- Exodus environment created: /tmp/xodusKeyValueStorage3512776985533344939
    06:14:14.805 [Test worker] WARN  o.s.i.i.CIRClasspathImplKt$logger$1 -- Find function by symbol name 'destroy_dict'
    06:14:14.806 [Test worker] INFO  o.s.d.a.i.TaintAnalysisUnitRunnerManager -- Starting analysis of 1 methods in 1 units
    06:14:14.822 [org.seqra.dataflow.ap.ifds.TaintAnalysisUnitRunnerManager-worker-1 @coroutine#122] WARN  o.s.i.i.CIRClasspathImplKt$logger$1 -- Find function by symbol name 'g_hash_table_foreach_remove'
    06:14:14.824 [org.seqra.dataflow.ap.ifds.TaintAnalysisUnitRunnerManager-worker-1 @coroutine#122] WARN  o.s.i.i.CIRClasspathImplKt$logger$1 -- Ambiguous function resolution for symbol 'g_hash_table_foreach_remove': [CIRFunctionID(moduleID=MLIRModuleID(id=/tmp/big-projects-work/buggy/wireshark-1.2-buggy/epan/dissectors/packet-radius.c), id=g_hash_table_foreach_remove), CIRFunctionID(moduleID=MLIRModuleID(id=/tmp/big-projects-work/buggy/wireshark-1.2-buggy/epan/radius_dict.c), id=g_hash_table_foreach_remove)]
    06:14:14.828 [org.seqra.dataflow.ap.ifds.TaintAnalysisUnitRunnerManager-worker-1 @coroutine#122] WARN  o.s.i.i.CIRClasspathImplKt$logger$1 -- Find function by symbol name 'g_hash_table_destroy'
    06:14:14.830 [org.seqra.dataflow.ap.ifds.TaintAnalysisUnitRunnerManager-worker-1 @coroutine#122] WARN  o.s.i.i.CIRClasspathImplKt$logger$1 -- Ambiguous function resolution for symbol 'g_hash_table_destroy': [CIRFunctionID(moduleID=MLIRModuleID(id=/tmp/big-projects-work/buggy/wireshark-1.2-buggy/epan/dissectors/packet-radius.c), id=g_hash_table_destroy), CIRFunctionID(moduleID=MLIRModuleID(id=/tmp/big-projects-work/buggy/wireshark-1.2-buggy/epan/radius_dict.c), id=g_hash_table_destroy)]
    06:14:14.831 [org.seqra.dataflow.ap.ifds.TaintAnalysisUnitRunnerManager-worker-1 @coroutine#122] WARN  o.s.i.i.CIRClasspathImplKt$logger$1 -- Find function by symbol name 'g_free'
    06:14:14.832 [org.seqra.dataflow.ap.ifds.TaintAnalysisUnitRunnerManager-worker-1 @coroutine#122] WARN  o.s.i.i.CIRClasspathImplKt$logger$1 -- Ambiguous function resolution for symbol 'g_free': [CIRFunctionID(moduleID=MLIRModuleID(id=/tmp/big-projects-work/buggy/wireshark-1.2-buggy/epan/dissectors/packet-radius.c), id=g_free), CIRFunctionID(moduleID=MLIRModuleID(id=/tmp/big-projects-work/buggy/wireshark-1.2-buggy/epan/radius_dict.c), id=g_free)]
    06:14:14.846 [Test worker @coroutine#124] INFO  o.s.d.a.i.TaintAnalysisUnitRunnerManager -- Progress: 3/0
    06:14:14.846 [Test worker @coroutine#124] INFO  o.s.d.a.i.TaintAnalysisUnitRunnerManager -- Memory usage: 12477212528/12884901888 (96.84%)
    06:14:14.847 [Test worker @coroutine#124] INFO  o.s.d.a.i.TaintAnalysisUnitRunnerManager -- Analysis done in 40.948334ms
    06:14:14.847 [Test worker] INFO  o.s.c.s.d.CIRTaintAnalyzer$Loader$logger$1 -- Total vulnerabilities: 13
    06:14:14.847 [Test worker] INFO  o.s.c.s.d.CIRTaintAnalyzer$Loader$logger$1 -- Start trace generation
    06:14:14.851 [Test worker] INFO  o.s.d.a.i.TaintAnalysisUnitRunnerManager -- Resolved 13/13 traces
    06:14:14.852 [Test worker] INFO  o.s.c.s.d.CIRTaintAnalyzer$Loader$logger$1 -- Finish trace generation

BigProjectsEntrypointsTest > bigProject(String, boolean, String, List) > 501116-v1.0.0:destroy_dict FAILED
    org.opentest4j.AssertionFailedError at BigProjectsEntrypointsTest.kt:39

BigProjectsEntrypointsTest > bigProject(String, boolean, String, List) > 501116-v1.0.0:destroy_tlvs STANDARD_OUT
    06:14:16.244 [Test worker] INFO  j.exodus.env.EnvironmentImpl -- Exodus environment created: /tmp/xodusKeyValueStorage2053337009775430338
    06:14:17.427 [Test worker] WARN  o.s.i.i.CIRClasspathImplKt$logger$1 -- Find function by symbol name 'destroy_tlvs'
    06:14:17.430 [Test worker] INFO  o.s.d.a.i.TaintAnalysisUnitRunnerManager -- Starting analysis of 1 methods in 1 units
    06:14:17.443 [org.seqra.dataflow.ap.ifds.TaintAnalysisUnitRunnerManager-worker-1 @coroutine#141] WARN  o.s.i.i.CIRClasspathImplKt$logger$1 -- Find function by symbol name 'g_free'
    06:14:17.444 [org.seqra.dataflow.ap.ifds.TaintAnalysisUnitRunnerManager-worker-1 @coroutine#141] WARN  o.s.i.i.CIRClasspathImplKt$logger$1 -- Ambiguous function resolution for symbol 'g_free': [CIRFunctionID(moduleID=MLIRModuleID(id=/tmp/big-projects-work/buggy/wireshark-1.2-buggy/epan/dissectors/packet-radius.c), id=g_free), CIRFunctionID(moduleID=MLIRModuleID(id=/tmp/big-projects-work/buggy/wireshark-1.2-buggy/epan/radius_dict.c), id=g_free)]
    06:14:17.466 [Test worker @coroutine#143] INFO  o.s.d.a.i.TaintAnalysisUnitRunnerManager -- Progress: 3/0
    06:14:17.466 [Test worker @coroutine#143] INFO  o.s.d.a.i.TaintAnalysisUnitRunnerManager -- Memory usage: 12409014272/12884901888 (96.31%)
    06:14:17.466 [Test worker @coroutine#143] INFO  o.s.d.a.i.TaintAnalysisUnitRunnerManager -- Analysis done in 36.059833ms
    06:14:17.466 [Test worker] INFO  o.s.c.s.d.CIRTaintAnalyzer$Loader$logger$1 -- Total vulnerabilities: 18
    06:14:17.466 [Test worker] INFO  o.s.c.s.d.CIRTaintAnalyzer$Loader$logger$1 -- Start trace generation
    06:14:17.474 [Test worker] INFO  o.s.d.a.i.TaintAnalysisUnitRunnerManager -- Resolved 18/18 traces
    06:14:17.474 [Test worker] INFO  o.s.c.s.d.CIRTaintAnalyzer$Loader$logger$1 -- Finish trace generation
    06:14:38.183 [Test worker] INFO  o.s.c.s.s.k.KleeCirSeAnalyzer$logger$1 -- cir-klee exit=0 confirmed=true mem_errs=1 precond_violations=0 klee_ms=1092.871209 instr=16 guide_ms=0.0 assert_ms=0.99625

BigProjectsEntrypointsTest > bigProject(String, boolean, String, List) > 501116-v1.0.0:destroy_tlvs PASSED

BigProjectsEntrypointsTest > bigProject(String, boolean, String, List) > 501116-v1.0.0:register_attrs STANDARD_OUT
    06:14:39.582 [Test worker] INFO  j.exodus.env.EnvironmentImpl -- Exodus environment created: /tmp/xodusKeyValueStorage8304223193594016818
    06:14:40.722 [Test worker] WARN  o.s.i.i.CIRClasspathImplKt$logger$1 -- Find function by symbol name 'register_attrs'
    06:14:40.752 [Test worker] INFO  o.s.d.a.i.TaintAnalysisUnitRunnerManager -- Starting analysis of 1 methods in 1 units
    06:14:40.803 [org.seqra.dataflow.ap.ifds.TaintAnalysisUnitRunnerManager-worker-1 @coroutine#165] WARN  o.s.i.i.CIRClasspathImplKt$logger$1 -- Find function by symbol name 'g_strconcat'
    06:14:40.804 [org.seqra.dataflow.ap.ifds.TaintAnalysisUnitRunnerManager-worker-1 @coroutine#165] WARN  o.s.i.i.CIRClasspathImplKt$logger$1 -- No definition for symbol 'g_strconcat', using declaration CIRFunctionID(moduleID=MLIRModuleID(id=/tmp/big-projects-work/buggy/wireshark-1.2-buggy/epan/dissectors/packet-radius.c), id=g_strconcat)
    06:14:40.805 [org.seqra.dataflow.ap.ifds.TaintAnalysisUnitRunnerManager-worker-1 @coroutine#165] WARN  o.s.i.i.CIRClasspathImplKt$logger$1 -- Find function by symbol name 'g_array_append_vals'
    06:14:40.806 [org.seqra.dataflow.ap.ifds.TaintAnalysisUnitRunnerManager-worker-1 @coroutine#165] WARN  o.s.i.i.CIRClasspathImplKt$logger$1 -- Ambiguous function resolution for symbol 'g_array_append_vals': [CIRFunctionID(moduleID=MLIRModuleID(id=/tmp/big-projects-work/buggy/wireshark-1.2-buggy/epan/dissectors/packet-radius.c), id=g_array_append_vals), CIRFunctionID(moduleID=MLIRModuleID(id=/tmp/big-projects-work/buggy/wireshark-1.2-buggy/epan/radius_dict.c), id=g_array_append_vals)]
    06:14:40.806 [org.seqra.dataflow.ap.ifds.TaintAnalysisUnitRunnerManager-worker-1 @coroutine#165] WARN  o.s.i.i.CIRClasspathImplKt$logger$1 -- Find function by symbol name 'g_hash_table_foreach'
    06:14:40.807 [org.seqra.dataflow.ap.ifds.TaintAnalysisUnitRunnerManager-worker-1 @coroutine#165] WARN  o.s.i.i.CIRClasspathImplKt$logger$1 -- Ambiguous function resolution for symbol 'g_hash_table_foreach': [CIRFunctionID(moduleID=MLIRModuleID(id=/tmp/big-projects-work/buggy/wireshark-1.2-buggy/epan/dissectors/packet-radius.c), id=g_hash_table_foreach), CIRFunctionID(moduleID=MLIRModuleID(id=/tmp/big-projects-work/buggy/wireshark-1.2-buggy/epan/radius_dict.c), id=g_hash_table_foreach)]
    06:14:40.807 [org.seqra.dataflow.ap.ifds.TaintAnalysisUnitRunnerManager-worker-1 @coroutine#165] WARN  o.s.i.i.CIRClasspathImplKt$logger$1 -- Find function by symbol name 'g_strdup_inline'
    06:14:40.809 [org.seqra.dataflow.ap.ifds.TaintAnalysisUnitRunnerManager-worker-1 @coroutine#165] WARN  o.s.i.i.CIRClasspathImplKt$logger$1 -- Ambiguous function resolution for symbol 'g_strdup_inline': [CIRFunctionID(moduleID=MLIRModuleID(id=/tmp/big-projects-work/buggy/wireshark-1.2-buggy/epan/dissectors/packet-radius.c), id=g_strdup_inline), CIRFunctionID(moduleID=MLIRModuleID(id=/tmp/big-projects-work/buggy/wireshark-1.2-buggy/epan/radius_dict.c), id=g_strdup_inline)]
    06:14:40.809 [org.seqra.dataflow.ap.ifds.TaintAnalysisUnitRunnerManager-worker-1 @coroutine#165] WARN  o.s.i.i.CIRClasspathImplKt$logger$1 -- Find function by symbol name 'g_strdup_inline'
    06:14:40.810 [org.seqra.dataflow.ap.ifds.TaintAnalysisUnitRunnerManager-worker-1 @coroutine#165] WARN  o.s.i.i.CIRClasspathImplKt$logger$1 -- Ambiguous function resolution for symbol 'g_strdup_inline': [CIRFunctionID(moduleID=MLIRModuleID(id=/tmp/big-projects-work/buggy/wireshark-1.2-buggy/epan/dissectors/packet-radius.c), id=g_strdup_inline), CIRFunctionID(moduleID=MLIRModuleID(id=/tmp/big-projects-work/buggy/wireshark-1.2-buggy/epan/radius_dict.c), id=g_strdup_inline)]
    06:14:40.810 [org.seqra.dataflow.ap.ifds.TaintAnalysisUnitRunnerManager-worker-1 @coroutine#165] WARN  o.s.i.i.CIRClasspathImplKt$logger$1 -- Find function by symbol name 'g_strdup_inline'
    06:14:40.811 [org.seqra.dataflow.ap.ifds.TaintAnalysisUnitRunnerManager-worker-1 @coroutine#165] WARN  o.s.i.i.CIRClasspathImplKt$logger$1 -- Ambiguous function resolution for symbol 'g_strdup_inline': [CIRFunctionID(moduleID=MLIRModuleID(id=/tmp/big-projects-work/buggy/wireshark-1.2-buggy/epan/dissectors/packet-radius.c), id=g_strdup_inline), CIRFunctionID(moduleID=MLIRModuleID(id=/tmp/big-projects-work/buggy/wireshark-1.2-buggy/epan/radius_dict.c), id=g_strdup_inline)]
    06:14:40.812 [org.seqra.dataflow.ap.ifds.TaintAnalysisUnitRunnerManager-worker-1 @coroutine#165] WARN  o.s.i.i.CIRClasspathImplKt$logger$1 -- Find function by symbol name 'g_strdup_inline'
    06:14:40.812 [org.seqra.dataflow.ap.ifds.TaintAnalysisUnitRunnerManager-worker-1 @coroutine#165] WARN  o.s.i.i.CIRClasspathImplKt$logger$1 -- Ambiguous function resolution for symbol 'g_strdup_inline': [CIRFunctionID(moduleID=MLIRModuleID(id=/tmp/big-projects-work/buggy/wireshark-1.2-buggy/epan/dissectors/packet-radius.c), id=g_strdup_inline), CIRFunctionID(moduleID=MLIRModuleID(id=/tmp/big-projects-work/buggy/wireshark-1.2-buggy/epan/radius_dict.c), id=g_strdup_inline)]
    06:14:40.815 [Test worker @coroutine#167] INFO  o.s.d.a.i.TaintAnalysisUnitRunnerManager -- Progress: 3/0
    06:14:40.816 [Test worker @coroutine#167] INFO  o.s.d.a.i.TaintAnalysisUnitRunnerManager -- Memory usage: 12109924176/12884901888 (93.99%)
    06:14:40.816 [Test worker @coroutine#167] INFO  o.s.d.a.i.TaintAnalysisUnitRunnerManager -- Analysis done in 63.691333ms
    06:14:40.816 [Test worker] INFO  o.s.c.s.d.CIRTaintAnalyzer$Loader$logger$1 -- Total vulnerabilities: 0
    06:14:40.817 [Test worker] INFO  o.s.c.s.d.CIRTaintAnalyzer$Loader$logger$1 -- Start trace generation
    06:14:40.817 [Test worker] INFO  o.s.c.s.d.CIRTaintAnalyzer$Loader$logger$1 -- Finish trace generation

BigProjectsEntrypointsTest > bigProject(String, boolean, String, List) > 501116-v1.0.0:register_attrs FAILED
    org.opentest4j.AssertionFailedError at BigProjectsEntrypointsTest.kt:39

BigProjectsEntrypointsTest > bigProject(String, boolean, String, List) > 501116-v1.0.0:register_radius_fields STANDARD_OUT
    06:14:42.297 [Test worker] INFO  j.exodus.env.EnvironmentImpl -- Exodus environment created: /tmp/xodusKeyValueStorage13356034155293665598
    06:14:43.332 [Test worker] WARN  o.s.i.i.CIRClasspathImplKt$logger$1 -- Find function by symbol name 'register_radius_fields'
    06:14:43.334 [Test worker] INFO  o.s.d.a.i.TaintAnalysisUnitRunnerManager -- Starting analysis of 1 methods in 1 units
    06:14:43.362 [org.seqra.dataflow.ap.ifds.TaintAnalysisUnitRunnerManager-worker-1 @coroutine#169] WARN  o.s.i.i.CIRClasspathImplKt$logger$1 -- Find function by symbol name 'g_array_new'
    06:14:43.363 [org.seqra.dataflow.ap.ifds.TaintAnalysisUnitRunnerManager-worker-1 @coroutine#169] WARN  o.s.i.i.CIRClasspathImplKt$logger$1 -- Ambiguous function resolution for symbol 'g_array_new': [CIRFunctionID(moduleID=MLIRModuleID(id=/tmp/big-projects-work/buggy/wireshark-1.2-buggy/epan/dissectors/packet-radius.c), id=g_array_new), CIRFunctionID(moduleID=MLIRModuleID(id=/tmp/big-projects-work/buggy/wireshark-1.2-buggy/epan/radius_dict.c), id=g_array_new)]
    06:14:43.363 [org.seqra.dataflow.ap.ifds.TaintAnalysisUnitRunnerManager-worker-1 @coroutine#169] WARN  o.s.i.i.CIRClasspathImplKt$logger$1 -- Find function by symbol name 'g_array_append_vals'
    06:14:43.364 [org.seqra.dataflow.ap.ifds.TaintAnalysisUnitRunnerManager-worker-1 @coroutine#169] WARN  o.s.i.i.CIRClasspathImplKt$logger$1 -- Ambiguous function resolution for symbol 'g_array_append_vals': [CIRFunctionID(moduleID=MLIRModuleID(id=/tmp/big-projects-work/buggy/wireshark-1.2-buggy/epan/dissectors/packet-radius.c), id=g_array_append_vals), CIRFunctionID(moduleID=MLIRModuleID(id=/tmp/big-projects-work/buggy/wireshark-1.2-buggy/epan/radius_dict.c), id=g_array_append_vals)]
    06:14:43.365 [org.seqra.dataflow.ap.ifds.TaintAnalysisUnitRunnerManager-worker-1 @coroutine#169] WARN  o.s.i.i.CIRClasspathImplKt$logger$1 -- Find function by symbol name 'get_persconffile_path'
    06:14:43.365 [org.seqra.dataflow.ap.ifds.TaintAnalysisUnitRunnerManager-worker-1 @coroutine#169] WARN  o.s.i.i.CIRClasspathImplKt$logger$1 -- No definition for symbol 'get_persconffile_path', using declaration CIRFunctionID(moduleID=MLIRModuleID(id=/tmp/big-projects-work/buggy/wireshark-1.2-buggy/epan/dissectors/packet-radius.c), id=get_persconffile_path)
    06:14:43.366 [org.seqra.dataflow.ap.ifds.TaintAnalysisUnitRunnerManager-worker-1 @coroutine#169] WARN  o.s.i.i.CIRClasspathImplKt$logger$1 -- Find function by symbol name 'test_for_directory'
    06:14:43.366 [org.seqra.dataflow.ap.ifds.TaintAnalysisUnitRunnerManager-worker-1 @coroutine#169] WARN  o.s.i.i.CIRClasspathImplKt$logger$1 -- No definition for symbol 'test_for_directory', using declaration CIRFunctionID(moduleID=MLIRModuleID(id=/tmp/big-projects-work/buggy/wireshark-1.2-buggy/epan/dissectors/packet-radius.c), id=test_for_directory)
    06:14:43.367 [org.seqra.dataflow.ap.ifds.TaintAnalysisUnitRunnerManager-worker-1 @coroutine#169] WARN  o.s.i.i.CIRClasspathImplKt$logger$1 -- Find function by symbol name 'g_free'
    06:14:43.367 [org.seqra.dataflow.ap.ifds.TaintAnalysisUnitRunnerManager-worker-1 @coroutine#169] WARN  o.s.i.i.CIRClasspathImplKt$logger$1 -- Ambiguous function resolution for symbol 'g_free': [CIRFunctionID(moduleID=MLIRModuleID(id=/tmp/big-projects-work/buggy/wireshark-1.2-buggy/epan/dissectors/packet-radius.c), id=g_free), CIRFunctionID(moduleID=MLIRModuleID(id=/tmp/big-projects-work/buggy/wireshark-1.2-buggy/epan/radius_dict.c), id=g_free)]
    06:14:43.368 [org.seqra.dataflow.ap.ifds.TaintAnalysisUnitRunnerManager-worker-1 @coroutine#169] WARN  o.s.i.i.CIRClasspathImplKt$logger$1 -- Find function by symbol name 'proto_register_field_array'
    06:14:43.369 [org.seqra.dataflow.ap.ifds.TaintAnalysisUnitRunnerManager-worker-1 @coroutine#169] WARN  o.s.i.i.CIRClasspathImplKt$logger$1 -- No definition for symbol 'proto_register_field_array', using declaration CIRFunctionID(moduleID=MLIRModuleID(id=/tmp/big-projects-work/buggy/wireshark-1.2-buggy/epan/dissectors/packet-radius.c), id=proto_register_field_array)
    06:14:43.369 [org.seqra.dataflow.ap.ifds.TaintAnalysisUnitRunnerManager-worker-1 @coroutine#169] WARN  o.s.i.i.CIRClasspathImplKt$logger$1 -- Find function by symbol name 'proto_register_subtree_array'
    06:14:43.369 [org.seqra.dataflow.ap.ifds.TaintAnalysisUnitRunnerManager-worker-1 @coroutine#169] WARN  o.s.i.i.CIRClasspathImplKt$logger$1 -- No definition for symbol 'proto_register_subtree_array', using declaration CIRFunctionID(moduleID=MLIRModuleID(id=/tmp/big-projects-work/buggy/wireshark-1.2-buggy/epan/dissectors/packet-radius.c), id=proto_register_subtree_array)
    06:14:43.369 [org.seqra.dataflow.ap.ifds.TaintAnalysisUnitRunnerManager-worker-1 @coroutine#169] WARN  o.s.i.i.CIRClasspathImplKt$logger$1 -- Find function by symbol name 'g_array_free'
    06:14:43.370 [org.seqra.dataflow.ap.ifds.TaintAnalysisUnitRunnerManager-worker-1 @coroutine#169] WARN  o.s.i.i.CIRClasspathImplKt$logger$1 -- Ambiguous function resolution for symbol 'g_array_free': [CIRFunctionID(moduleID=MLIRModuleID(id=/tmp/big-projects-work/buggy/wireshark-1.2-buggy/epan/dissectors/packet-radius.c), id=g_array_free), CIRFunctionID(moduleID=MLIRModuleID(id=/tmp/big-projects-work/buggy/wireshark-1.2-buggy/epan/radius_dict.c), id=g_array_free)]
    06:14:43.370 [org.seqra.dataflow.ap.ifds.TaintAnalysisUnitRunnerManager-worker-1 @coroutine#169] WARN  o.s.i.i.CIRClasspathImplKt$logger$1 -- Find function by symbol name 'g_hash_table_new'
    06:14:43.371 [org.seqra.dataflow.ap.ifds.TaintAnalysisUnitRunnerManager-worker-1 @coroutine#169] WARN  o.s.i.i.CIRClasspathImplKt$logger$1 -- Ambiguous function resolution for symbol 'g_hash_table_new': [CIRFunctionID(moduleID=MLIRModuleID(id=/tmp/big-projects-work/buggy/wireshark-1.2-buggy/epan/dissectors/packet-radius.c), id=g_hash_table_new), CIRFunctionID(moduleID=MLIRModuleID(id=/tmp/big-projects-work/buggy/wireshark-1.2-buggy/epan/radius_dict.c), id=g_hash_table_new)]
    06:14:43.371 [org.seqra.dataflow.ap.ifds.TaintAnalysisUnitRunnerManager-worker-1 @coroutine#169] WARN  o.s.i.i.CIRClasspathImplKt$logger$1 -- Find function by symbol name 'radius_register_avp_dissector'
    06:14:43.443 [org.seqra.dataflow.ap.ifds.TaintAnalysisUnitRunnerManager-worker-1 @coroutine#169] WARN  o.s.i.i.CIRClasspathImplKt$logger$1 -- Find function by symbol name 'radius_load_dictionary'
    06:14:43.457 [org.seqra.dataflow.ap.ifds.TaintAnalysisUnitRunnerManager-worker-1 @coroutine#169] WARN  o.s.i.i.CIRClasspathImplKt$logger$1 -- Find function by symbol name 'g_hash_table_foreach'
    06:14:43.458 [org.seqra.dataflow.ap.ifds.TaintAnalysisUnitRunnerManager-worker-1 @coroutine#169] WARN  o.s.i.i.CIRClasspathImplKt$logger$1 -- Ambiguous function resolution for symbol 'g_hash_table_foreach': [CIRFunctionID(moduleID=MLIRModuleID(id=/tmp/big-projects-work/buggy/wireshark-1.2-buggy/epan/dissectors/packet-radius.c), id=g_hash_table_foreach), CIRFunctionID(moduleID=MLIRModuleID(id=/tmp/big-projects-work/buggy/wireshark-1.2-buggy/epan/radius_dict.c), id=g_hash_table_foreach)]
    06:14:43.459 [org.seqra.dataflow.ap.ifds.TaintAnalysisUnitRunnerManager-worker-1 @coroutine#169] WARN  o.s.i.i.CIRClasspathImplKt$logger$1 -- Find function by symbol name 'g_log'
    06:14:43.459 [org.seqra.dataflow.ap.ifds.TaintAnalysisUnitRunnerManager-worker-1 @coroutine#169] WARN  o.s.i.i.CIRClasspathImplKt$logger$1 -- No definition for symbol 'g_log', using declaration CIRFunctionID(moduleID=MLIRModuleID(id=/tmp/big-projects-work/buggy/wireshark-1.2-buggy/epan/dissectors/packet-radius.c), id=g_log)
    06:14:43.467 [org.seqra.dataflow.ap.ifds.TaintAnalysisUnitRunnerManager-worker-1 @coroutine#169] WARN  o.s.i.i.CIRClasspathImplKt$logger$1 -- Find function by symbol name 'get_datafile_path'
    06:14:43.468 [org.seqra.dataflow.ap.ifds.TaintAnalysisUnitRunnerManager-worker-1 @coroutine#169] WARN  o.s.i.i.CIRClasspathImplKt$logger$1 -- No definition for symbol 'get_datafile_path', using declaration CIRFunctionID(moduleID=MLIRModuleID(id=/tmp/big-projects-work/buggy/wireshark-1.2-buggy/epan/dissectors/packet-radius.c), id=get_datafile_path)
    06:14:43.473 [org.seqra.dataflow.ap.ifds.TaintAnalysisUnitRunnerManager-worker-1 @coroutine#169] WARN  o.s.i.i.CIRClasspathImplKt$logger$1 -- Find function by symbol name 'exit'
    06:14:43.474 [org.seqra.dataflow.ap.ifds.TaintAnalysisUnitRunnerManager-worker-1 @coroutine#169] WARN  o.s.i.i.CIRClasspathImplKt$logger$1 -- Ambiguous function resolution for symbol 'exit': [CIRFunctionID(moduleID=MLIRModuleID(id=/tmp/big-projects-work/buggy/wireshark-1.2-buggy/epan/dissectors/packet-radius.c), id=exit), CIRFunctionID(moduleID=MLIRModuleID(id=/tmp/big-projects-work/buggy/wireshark-1.2-buggy/epan/radius_dict.c), id=exit)]
    06:14:43.475 [org.seqra.dataflow.ap.ifds.TaintAnalysisUnitRunnerManager-worker-1 @coroutine#169] WARN  o.s.i.i.CIRClasspathImplKt$logger$1 -- Find function by symbol name 'g_hash_table_lookup'
    06:14:43.475 [org.seqra.dataflow.ap.ifds.TaintAnalysisUnitRunnerManager-worker-1 @coroutine#169] WARN  o.s.i.i.CIRClasspathImplKt$logger$1 -- Ambiguous function resolution for symbol 'g_hash_table_lookup': [CIRFunctionID(moduleID=MLIRModuleID(id=/tmp/big-projects-work/buggy/wireshark-1.2-buggy/epan/dissectors/packet-radius.c), id=g_hash_table_lookup), CIRFunctionID(moduleID=MLIRModuleID(id=/tmp/big-projects-work/buggy/wireshark-1.2-buggy/epan/radius_dict.c), id=g_hash_table_lookup)]
    06:14:43.476 [org.seqra.dataflow.ap.ifds.TaintAnalysisUnitRunnerManager-worker-1 @coroutine#169] WARN  o.s.i.i.CIRClasspathImplKt$logger$1 -- Find function by symbol name 'g_malloc'
    06:14:43.476 [org.seqra.dataflow.ap.ifds.TaintAnalysisUnitRunnerManager-worker-1 @coroutine#169] WARN  o.s.i.i.CIRClasspathImplKt$logger$1 -- Ambiguous function resolution for symbol 'g_malloc': [CIRFunctionID(moduleID=MLIRModuleID(id=/tmp/big-projects-work/buggy/wireshark-1.2-buggy/epan/dissectors/packet-radius.c), id=g_malloc), CIRFunctionID(moduleID=MLIRModuleID(id=/tmp/big-projects-work/buggy/wireshark-1.2-buggy/epan/radius_dict.c), id=g_malloc)]
    06:14:43.476 [org.seqra.dataflow.ap.ifds.TaintAnalysisUnitRunnerManager-worker-1 @coroutine#169] WARN  o.s.i.i.CIRClasspathImplKt$logger$1 -- Find function by symbol name 'g_strdup_printf'
    06:14:43.477 [org.seqra.dataflow.ap.ifds.TaintAnalysisUnitRunnerManager-worker-1 @coroutine#169] WARN  o.s.i.i.CIRClasspathImplKt$logger$1 -- Ambiguous function resolution for symbol 'g_strdup_printf': [CIRFunctionID(moduleID=MLIRModuleID(id=/tmp/big-projects-work/buggy/wireshark-1.2-buggy/epan/dissectors/packet-radius.c), id=g_strdup_printf), CIRFunctionID(moduleID=MLIRModuleID(id=/tmp/big-projects-work/buggy/wireshark-1.2-buggy/epan/radius_dict.c), id=g_strdup_printf)]
    06:14:43.477 [org.seqra.dataflow.ap.ifds.TaintAnalysisUnitRunnerManager-worker-1 @coroutine#169] WARN  o.s.i.i.CIRClasspathImplKt$logger$1 -- Find function by symbol name 'g_hash_table_insert'
    06:14:43.478 [org.seqra.dataflow.ap.ifds.TaintAnalysisUnitRunnerManager-worker-1 @coroutine#169] WARN  o.s.i.i.CIRClasspathImplKt$logger$1 -- Ambiguous function resolution for symbol 'g_hash_table_insert': [CIRFunctionID(moduleID=MLIRModuleID(id=/tmp/big-projects-work/buggy/wireshark-1.2-buggy/epan/dissectors/packet-radius.c), id=g_hash_table_insert), CIRFunctionID(moduleID=MLIRModuleID(id=/tmp/big-projects-work/buggy/wireshark-1.2-buggy/epan/radius_dict.c), id=g_hash_table_insert)]
    06:14:43.478 [org.seqra.dataflow.ap.ifds.TaintAnalysisUnitRunnerManager-worker-1 @coroutine#169] WARN  o.s.i.i.CIRClasspathImplKt$logger$1 -- Find function by symbol name 'val_to_str'
    06:14:43.479 [org.seqra.dataflow.ap.ifds.TaintAnalysisUnitRunnerManager-worker-1 @coroutine#169] WARN  o.s.i.i.CIRClasspathImplKt$logger$1 -- No definition for symbol 'val_to_str', using declaration CIRFunctionID(moduleID=MLIRModuleID(id=/tmp/big-projects-work/buggy/wireshark-1.2-buggy/epan/dissectors/packet-radius.c), id=val_to_str)
    06:14:43.480 [org.seqra.dataflow.ap.ifds.TaintAnalysisUnitRunnerManager-worker-1 @coroutine#169] WARN  o.s.i.i.CIRClasspathImplKt$logger$1 -- Find function by symbol name 'g_string_new'
    06:14:43.480 [org.seqra.dataflow.ap.ifds.TaintAnalysisUnitRunnerManager-worker-1 @coroutine#169] WARN  o.s.i.i.CIRClasspathImplKt$logger$1 -- No definition for symbol 'g_string_new', using declaration CIRFunctionID(moduleID=MLIRModuleID(id=/tmp/big-projects-work/buggy/wireshark-1.2-buggy/epan/radius_dict.c), id=g_string_new)
    06:14:43.481 [org.seqra.dataflow.ap.ifds.TaintAnalysisUnitRunnerManager-worker-1 @coroutine#169] WARN  o.s.i.i.CIRClasspathImplKt$logger$1 -- Find function by symbol name 'fopen'
    06:14:43.481 [org.seqra.dataflow.ap.ifds.TaintAnalysisUnitRunnerManager-worker-1 @coroutine#169] WARN  o.s.i.i.CIRClasspathImplKt$logger$1 -- No definition for symbol 'fopen', using declaration CIRFunctionID(moduleID=MLIRModuleID(id=/tmp/big-projects-work/buggy/wireshark-1.2-buggy/epan/radius_dict.c), id=fopen)
    06:14:43.481 [org.seqra.dataflow.ap.ifds.TaintAnalysisUnitRunnerManager-worker-1 @coroutine#169] WARN  o.s.i.i.CIRClasspathImplKt$logger$1 -- Find function by symbol name 'Radiuslex'
    06:14:43.533 [org.seqra.dataflow.ap.ifds.TaintAnalysisUnitRunnerManager-worker-1 @coroutine#169] WARN  o.s.i.i.CIRClasspathImplKt$logger$1 -- Find function by symbol name 'g_hash_table_foreach_remove'
    06:14:43.534 [org.seqra.dataflow.ap.ifds.TaintAnalysisUnitRunnerManager-worker-1 @coroutine#169] WARN  o.s.i.i.CIRClasspathImplKt$logger$1 -- Ambiguous function resolution for symbol 'g_hash_table_foreach_remove': [CIRFunctionID(moduleID=MLIRModuleID(id=/tmp/big-projects-work/buggy/wireshark-1.2-buggy/epan/dissectors/packet-radius.c), id=g_hash_table_foreach_remove), CIRFunctionID(moduleID=MLIRModuleID(id=/tmp/big-projects-work/buggy/wireshark-1.2-buggy/epan/radius_dict.c), id=g_hash_table_foreach_remove)]
    06:14:43.535 [org.seqra.dataflow.ap.ifds.TaintAnalysisUnitRunnerManager-worker-1 @coroutine#169] WARN  o.s.i.i.CIRClasspathImplKt$logger$1 -- Find function by symbol name 'g_string_free'
    06:14:43.535 [org.seqra.dataflow.ap.ifds.TaintAnalysisUnitRunnerManager-worker-1 @coroutine#169] WARN  o.s.i.i.CIRClasspathImplKt$logger$1 -- Ambiguous function resolution for symbol 'g_string_free': [CIRFunctionID(moduleID=MLIRModuleID(id=/tmp/big-projects-work/buggy/wireshark-1.2-buggy/epan/dissectors/packet-radius.c), id=g_string_free), CIRFunctionID(moduleID=MLIRModuleID(id=/tmp/big-projects-work/buggy/wireshark-1.2-buggy/epan/radius_dict.c), id=g_string_free)]
    06:14:43.539 [org.seqra.dataflow.ap.ifds.TaintAnalysisUnitRunnerManager-worker-1 @coroutine#169] WARN  o.s.i.i.CIRClasspathImplKt$logger$1 -- Find function by symbol name 'g_string_free_and_steal'
    06:14:43.539 [org.seqra.dataflow.ap.ifds.TaintAnalysisUnitRunnerManager-worker-1 @coroutine#169] WARN  o.s.i.i.CIRClasspathImplKt$logger$1 -- No definition for symbol 'g_string_free_and_steal', using declaration CIRFunctionID(moduleID=MLIRModuleID(id=/tmp/big-projects-work/buggy/wireshark-1.2-buggy/epan/radius_dict.c), id=g_string_free_and_steal)
    06:14:43.540 [org.seqra.dataflow.ap.ifds.TaintAnalysisUnitRunnerManager-worker-1 @coroutine#169] WARN  o.s.i.i.CIRClasspathImplKt$logger$1 -- Find function by symbol name 'destroy_dict'
    06:14:43.573 [org.seqra.dataflow.ap.ifds.TaintAnalysisUnitRunnerManager-worker-1 @coroutine#169] WARN  o.s.i.i.CIRClasspathImplKt$logger$1 -- Find function by symbol name 'fclose'
    06:14:43.573 [org.seqra.dataflow.ap.ifds.TaintAnalysisUnitRunnerManager-worker-1 @coroutine#169] WARN  o.s.i.i.CIRClasspathImplKt$logger$1 -- No definition for symbol 'fclose', using declaration CIRFunctionID(moduleID=MLIRModuleID(id=/tmp/big-projects-work/buggy/wireshark-1.2-buggy/epan/radius_dict.c), id=fclose)
    06:14:43.574 [org.seqra.dataflow.ap.ifds.TaintAnalysisUnitRunnerManager-worker-1 @coroutine#169] WARN  o.s.i.i.CIRClasspathImplKt$logger$1 -- Find function by symbol name '__errno_location'
    06:14:43.574 [org.seqra.dataflow.ap.ifds.TaintAnalysisUnitRunnerManager-worker-1 @coroutine#169] WARN  o.s.i.i.CIRClasspathImplKt$logger$1 -- No definition for symbol '__errno_location', using declaration CIRFunctionID(moduleID=MLIRModuleID(id=/tmp/big-projects-work/buggy/wireshark-1.2-buggy/epan/radius_dict.c), id=__errno_location)
    06:14:43.574 [org.seqra.dataflow.ap.ifds.TaintAnalysisUnitRunnerManager-worker-1 @coroutine#169] WARN  o.s.i.i.CIRClasspathImplKt$logger$1 -- Find function by symbol name 'strerror'
    06:14:43.574 [org.seqra.dataflow.ap.ifds.TaintAnalysisUnitRunnerManager-worker-1 @coroutine#169] WARN  o.s.i.i.CIRClasspathImplKt$logger$1 -- No definition for symbol 'strerror', using declaration CIRFunctionID(moduleID=MLIRModuleID(id=/tmp/big-projects-work/buggy/wireshark-1.2-buggy/epan/radius_dict.c), id=strerror)
    06:14:43.575 [org.seqra.dataflow.ap.ifds.TaintAnalysisUnitRunnerManager-worker-1 @coroutine#169] WARN  o.s.i.i.CIRClasspathImplKt$logger$1 -- Find function by symbol name 'g_string_append_printf'
    06:14:43.575 [org.seqra.dataflow.ap.ifds.TaintAnalysisUnitRunnerManager-worker-1 @coroutine#169] WARN  o.s.i.i.CIRClasspathImplKt$logger$1 -- Ambiguous function resolution for symbol 'g_string_append_printf': [CIRFunctionID(moduleID=MLIRModuleID(id=/tmp/big-projects-work/buggy/wireshark-1.2-buggy/epan/dissectors/packet-radius.c), id=g_string_append_printf), CIRFunctionID(moduleID=MLIRModuleID(id=/tmp/big-projects-work/buggy/wireshark-1.2-buggy/epan/radius_dict.c), id=g_string_append_printf)]
    06:14:43.578 [org.seqra.dataflow.ap.ifds.TaintAnalysisUnitRunnerManager-worker-1 @coroutine#169] WARN  o.s.i.i.CIRClasspathImplKt$logger$1 -- Find function by symbol name 'g_hash_table_destroy'
    06:14:43.579 [org.seqra.dataflow.ap.ifds.TaintAnalysisUnitRunnerManager-worker-1 @coroutine#169] WARN  o.s.i.i.CIRClasspathImplKt$logger$1 -- Ambiguous function resolution for symbol 'g_hash_table_destroy': [CIRFunctionID(moduleID=MLIRModuleID(id=/tmp/big-projects-work/buggy/wireshark-1.2-buggy/epan/dissectors/packet-radius.c), id=g_hash_table_destroy), CIRFunctionID(moduleID=MLIRModuleID(id=/tmp/big-projects-work/buggy/wireshark-1.2-buggy/epan/radius_dict.c), id=g_hash_table_destroy)]
    06:14:43.599 [org.seqra.dataflow.ap.ifds.TaintAnalysisUnitRunnerManager-worker-1 @coroutine#169] WARN  o.s.i.i.CIRClasspathImplKt$logger$1 -- Find function by symbol name 'yy_fatal_error'
    06:14:43.601 [org.seqra.dataflow.ap.ifds.TaintAnalysisUnitRunnerManager-worker-1 @coroutine#169] WARN  o.s.i.i.CIRClasspathImplKt$logger$1 -- Find function by symbol name 'yy_get_next_buffer'
    06:14:43.625 [org.seqra.dataflow.ap.ifds.TaintAnalysisUnitRunnerManager-worker-1 @coroutine#169] WARN  o.s.i.i.CIRClasspathImplKt$logger$1 -- Find function by symbol name 'yy_get_previous_state'
    06:14:43.631 [org.seqra.dataflow.ap.ifds.TaintAnalysisUnitRunnerManager-worker-1 @coroutine#169] WARN  o.s.i.i.CIRClasspathImplKt$logger$1 -- Find function by symbol name 'Radiuswrap'
    06:14:43.633 [org.seqra.dataflow.ap.ifds.TaintAnalysisUnitRunnerManager-worker-1 @coroutine#169] WARN  o.s.i.i.CIRClasspathImplKt$logger$1 -- Find function by symbol name 'Radiusrestart'
    06:14:43.637 [org.seqra.dataflow.ap.ifds.TaintAnalysisUnitRunnerManager-worker-1 @coroutine#169] WARN  o.s.i.i.CIRClasspathImplKt$logger$1 -- Find function by symbol name 'yy_try_NUL_trans'
    06:14:43.644 [org.seqra.dataflow.ap.ifds.TaintAnalysisUnitRunnerManager-worker-1 @coroutine#169] WARN  o.s.i.i.CIRClasspathImplKt$logger$1 -- Find function by symbol name 'Radius_delete_buffer'
    06:14:43.647 [org.seqra.dataflow.ap.ifds.TaintAnalysisUnitRunnerManager-worker-1 @coroutine#169] WARN  o.s.i.i.CIRClasspathImplKt$logger$1 -- Find function by symbol name 'Radius_switch_to_buffer'
    06:14:44.134 [org.seqra.dataflow.ap.ifds.TaintAnalysisUnitRunnerManager-worker-1 @coroutine#169] WARN  o.s.i.i.CIRClasspathImplKt$logger$1 -- Find function by symbol name 'Radius_create_buffer'
    06:14:44.136 [org.seqra.dataflow.ap.ifds.TaintAnalysisUnitRunnerManager-worker-1 @coroutine#169] WARN  o.s.i.i.CIRClasspathImplKt$logger$1 -- Find function by symbol name 'g_strerror'
    06:14:44.137 [org.seqra.dataflow.ap.ifds.TaintAnalysisUnitRunnerManager-worker-1 @coroutine#169] WARN  o.s.i.i.CIRClasspathImplKt$logger$1 -- No definition for symbol 'g_strerror', using declaration CIRFunctionID(moduleID=MLIRModuleID(id=/tmp/big-projects-work/buggy/wireshark-1.2-buggy/epan/radius_dict.c), id=g_strerror)
    06:14:44.141 [org.seqra.dataflow.ap.ifds.TaintAnalysisUnitRunnerManager-worker-1 @coroutine#169] WARN  o.s.i.i.CIRClasspathImplKt$logger$1 -- Find function by symbol name 'strtol'
    06:14:44.141 [org.seqra.dataflow.ap.ifds.TaintAnalysisUnitRunnerManager-worker-1 @coroutine#169] WARN  o.s.i.i.CIRClasspathImplKt$logger$1 -- No definition for symbol 'strtol', using declaration CIRFunctionID(moduleID=MLIRModuleID(id=/tmp/big-projects-work/buggy/wireshark-1.2-buggy/epan/radius_dict.c), id=strtol)
    06:14:44.142 [org.seqra.dataflow.ap.ifds.TaintAnalysisUnitRunnerManager-worker-1 @coroutine#169] WARN  o.s.i.i.CIRClasspathImplKt$logger$1 -- Find function by symbol name 'add_value'
    06:14:44.218 [org.seqra.dataflow.ap.ifds.TaintAnalysisUnitRunnerManager-worker-1 @coroutine#169] WARN  o.s.i.i.CIRClasspathImplKt$logger$1 -- Find function by symbol name 'g_strdup_inline'
    06:14:44.218 [org.seqra.dataflow.ap.ifds.TaintAnalysisUnitRunnerManager-worker-1 @coroutine#169] WARN  o.s.i.i.CIRClasspathImplKt$logger$1 -- Ambiguous function resolution for symbol 'g_strdup_inline': [CIRFunctionID(moduleID=MLIRModuleID(id=/tmp/big-projects-work/buggy/wireshark-1.2-buggy/epan/dissectors/packet-radius.c), id=g_strdup_inline), CIRFunctionID(moduleID=MLIRModuleID(id=/tmp/big-projects-work/buggy/wireshark-1.2-buggy/epan/radius_dict.c), id=g_strdup_inline)]
    06:14:44.219 [org.seqra.dataflow.ap.ifds.TaintAnalysisUnitRunnerManager-worker-1 @coroutine#169] WARN  o.s.i.i.CIRClasspathImplKt$logger$1 -- Find function by symbol name 'g_strdup_inline'
    06:14:44.219 [org.seqra.dataflow.ap.ifds.TaintAnalysisUnitRunnerManager-worker-1 @coroutine#169] WARN  o.s.i.i.CIRClasspathImplKt$logger$1 -- Ambiguous function resolution for symbol 'g_strdup_inline': [CIRFunctionID(moduleID=MLIRModuleID(id=/tmp/big-projects-work/buggy/wireshark-1.2-buggy/epan/dissectors/packet-radius.c), id=g_strdup_inline), CIRFunctionID(moduleID=MLIRModuleID(id=/tmp/big-projects-work/buggy/wireshark-1.2-buggy/epan/radius_dict.c), id=g_strdup_inline)]
    06:14:44.219 [org.seqra.dataflow.ap.ifds.TaintAnalysisUnitRunnerManager-worker-1 @coroutine#169] WARN  o.s.i.i.CIRClasspathImplKt$logger$1 -- Find function by symbol name 'add_attribute'
    06:14:44.242 [org.seqra.dataflow.ap.ifds.TaintAnalysisUnitRunnerManager-worker-1 @coroutine#169] WARN  o.s.i.i.CIRClasspathImplKt$logger$1 -- Find function by symbol name 'g_strdup_inline'
    06:14:44.243 [org.seqra.dataflow.ap.ifds.TaintAnalysisUnitRunnerManager-worker-1 @coroutine#169] WARN  o.s.i.i.CIRClasspathImplKt$logger$1 -- Ambiguous function resolution for symbol 'g_strdup_inline': [CIRFunctionID(moduleID=MLIRModuleID(id=/tmp/big-projects-work/buggy/wireshark-1.2-buggy/epan/dissectors/packet-radius.c), id=g_strdup_inline), CIRFunctionID(moduleID=MLIRModuleID(id=/tmp/big-projects-work/buggy/wireshark-1.2-buggy/epan/radius_dict.c), id=g_strdup_inline)]
    06:14:44.244 [org.seqra.dataflow.ap.ifds.TaintAnalysisUnitRunnerManager-worker-1 @coroutine#169] WARN  o.s.i.i.CIRClasspathImplKt$logger$1 -- Find function by symbol name 'strtoul'
    06:14:44.244 [org.seqra.dataflow.ap.ifds.TaintAnalysisUnitRunnerManager-worker-1 @coroutine#169] WARN  o.s.i.i.CIRClasspathImplKt$logger$1 -- No definition for symbol 'strtoul', using declaration CIRFunctionID(moduleID=MLIRModuleID(id=/tmp/big-projects-work/buggy/wireshark-1.2-buggy/epan/radius_dict.c), id=strtoul)
    06:14:44.245 [org.seqra.dataflow.ap.ifds.TaintAnalysisUnitRunnerManager-worker-1 @coroutine#169] WARN  o.s.i.i.CIRClasspathImplKt$logger$1 -- Find function by symbol name 'g_strdup_inline'
    06:14:44.246 [org.seqra.dataflow.ap.ifds.TaintAnalysisUnitRunnerManager-worker-1 @coroutine#169] WARN  o.s.i.i.CIRClasspathImplKt$logger$1 -- Ambiguous function resolution for symbol 'g_strdup_inline': [CIRFunctionID(moduleID=MLIRModuleID(id=/tmp/big-projects-work/buggy/wireshark-1.2-buggy/epan/dissectors/packet-radius.c), id=g_strdup_inline), CIRFunctionID(moduleID=MLIRModuleID(id=/tmp/big-projects-work/buggy/wireshark-1.2-buggy/epan/radius_dict.c), id=g_strdup_inline)]
    06:14:44.246 [org.seqra.dataflow.ap.ifds.TaintAnalysisUnitRunnerManager-worker-1 @coroutine#169] WARN  o.s.i.i.CIRClasspathImplKt$logger$1 -- Find function by symbol name 'g_strdup_inline'
    06:14:44.246 [org.seqra.dataflow.ap.ifds.TaintAnalysisUnitRunnerManager-worker-1 @coroutine#169] WARN  o.s.i.i.CIRClasspathImplKt$logger$1 -- Ambiguous function resolution for symbol 'g_strdup_inline': [CIRFunctionID(moduleID=MLIRModuleID(id=/tmp/big-projects-work/buggy/wireshark-1.2-buggy/epan/dissectors/packet-radius.c), id=g_strdup_inline), CIRFunctionID(moduleID=MLIRModuleID(id=/tmp/big-projects-work/buggy/wireshark-1.2-buggy/epan/radius_dict.c), id=g_strdup_inline)]
    06:14:44.247 [org.seqra.dataflow.ap.ifds.TaintAnalysisUnitRunnerManager-worker-1 @coroutine#169] WARN  o.s.i.i.CIRClasspathImplKt$logger$1 -- Find function by symbol name 'add_vendor'
    06:14:44.251 [org.seqra.dataflow.ap.ifds.TaintAnalysisUnitRunnerManager-worker-1 @coroutine#169] WARN  o.s.i.i.CIRClasspathImplKt$logger$1 -- Find function by symbol name 'g_strdup_inline'
    06:14:44.252 [org.seqra.dataflow.ap.ifds.TaintAnalysisUnitRunnerManager-worker-1 @coroutine#169] WARN  o.s.i.i.CIRClasspathImplKt$logger$1 -- Ambiguous function resolution for symbol 'g_strdup_inline': [CIRFunctionID(moduleID=MLIRModuleID(id=/tmp/big-projects-work/buggy/wireshark-1.2-buggy/epan/dissectors/packet-radius.c), id=g_strdup_inline), CIRFunctionID(moduleID=MLIRModuleID(id=/tmp/big-projects-work/buggy/wireshark-1.2-buggy/epan/radius_dict.c), id=g_strdup_inline)]
    06:14:44.252 [org.seqra.dataflow.ap.ifds.TaintAnalysisUnitRunnerManager-worker-1 @coroutine#169] WARN  o.s.i.i.CIRClasspathImplKt$logger$1 -- Find function by symbol name 'g_strdup_inline'
    06:14:44.253 [org.seqra.dataflow.ap.ifds.TaintAnalysisUnitRunnerManager-worker-1 @coroutine#169] WARN  o.s.i.i.CIRClasspathImplKt$logger$1 -- Ambiguous function resolution for symbol 'g_strdup_inline': [CIRFunctionID(moduleID=MLIRModuleID(id=/tmp/big-projects-work/buggy/wireshark-1.2-buggy/epan/dissectors/packet-radius.c), id=g_strdup_inline), CIRFunctionID(moduleID=MLIRModuleID(id=/tmp/big-projects-work/buggy/wireshark-1.2-buggy/epan/radius_dict.c), id=g_strdup_inline)]
    06:14:44.254 [org.seqra.dataflow.ap.ifds.TaintAnalysisUnitRunnerManager-worker-1 @coroutine#169] WARN  o.s.i.i.CIRClasspathImplKt$logger$1 -- Find function by symbol name 'g_strdup_inline'
    06:14:44.254 [org.seqra.dataflow.ap.ifds.TaintAnalysisUnitRunnerManager-worker-1 @coroutine#169] WARN  o.s.i.i.CIRClasspathImplKt$logger$1 -- Ambiguous function resolution for symbol 'g_strdup_inline': [CIRFunctionID(moduleID=MLIRModuleID(id=/tmp/big-projects-work/buggy/wireshark-1.2-buggy/epan/dissectors/packet-radius.c), id=g_strdup_inline), CIRFunctionID(moduleID=MLIRModuleID(id=/tmp/big-projects-work/buggy/wireshark-1.2-buggy/epan/radius_dict.c), id=g_strdup_inline)]
    06:14:53.336 [org.seqra.dataflow.ap.ifds.TaintAnalysisUnitRunnerManager-progress @coroutine#170] INFO  o.s.d.a.i.TaintAnalysisUnitRunnerManager -- Progress: 50/116
    06:14:53.336 [org.seqra.dataflow.ap.ifds.TaintAnalysisUnitRunnerManager-progress @coroutine#170] INFO  o.s.d.a.i.TaintAnalysisUnitRunnerManager -- Memory usage: 11970776024/12884901888 (92.91%)
    06:15:02.034 [org.seqra.dataflow.ap.ifds.TaintAnalysisUnitRunnerManager-worker-1 @coroutine#169] WARN  o.s.i.i.CIRClasspathImplKt$logger$1 -- Find function by symbol name 'Radius_load_buffer_state'
    06:15:02.038 [org.seqra.dataflow.ap.ifds.TaintAnalysisUnitRunnerManager-worker-1 @coroutine#169] WARN  o.s.i.i.CIRClasspathImplKt$logger$1 -- Find function by symbol name 'Radiusensure_buffer_stack'
    06:15:02.046 [org.seqra.dataflow.ap.ifds.TaintAnalysisUnitRunnerManager-worker-1 @coroutine#169] WARN  o.s.i.i.CIRClasspathImplKt$logger$1 -- Find function by symbol name 'Radiusfree'
    06:15:02.053 [org.seqra.dataflow.ap.ifds.TaintAnalysisUnitRunnerManager-worker-1 @coroutine#169] WARN  o.s.i.i.CIRClasspathImplKt$logger$1 -- Find function by symbol name 'Radiusrealloc'
    06:15:02.054 [org.seqra.dataflow.ap.ifds.TaintAnalysisUnitRunnerManager-worker-1 @coroutine#169] WARN  o.s.i.i.CIRClasspathImplKt$logger$1 -- Find function by symbol name 'Radiusalloc'
    06:15:02.056 [org.seqra.dataflow.ap.ifds.TaintAnalysisUnitRunnerManager-worker-1 @coroutine#169] WARN  o.s.i.i.CIRClasspathImplKt$logger$1 -- Find function by symbol name 'g_strdup_inline'
    06:15:02.057 [org.seqra.dataflow.ap.ifds.TaintAnalysisUnitRunnerManager-worker-1 @coroutine#169] WARN  o.s.i.i.CIRClasspathImplKt$logger$1 -- Ambiguous function resolution for symbol 'g_strdup_inline': [CIRFunctionID(moduleID=MLIRModuleID(id=/tmp/big-projects-work/buggy/wireshark-1.2-buggy/epan/dissectors/packet-radius.c), id=g_strdup_inline), CIRFunctionID(moduleID=MLIRModuleID(id=/tmp/big-projects-work/buggy/wireshark-1.2-buggy/epan/radius_dict.c), id=g_strdup_inline)]
    06:15:02.058 [org.seqra.dataflow.ap.ifds.TaintAnalysisUnitRunnerManager-worker-1 @coroutine#169] WARN  o.s.i.i.CIRClasspathImplKt$logger$1 -- Find function by symbol name 'g_strdup_inline'
    06:15:02.058 [org.seqra.dataflow.ap.ifds.TaintAnalysisUnitRunnerManager-worker-1 @coroutine#169] WARN  o.s.i.i.CIRClasspathImplKt$logger$1 -- Ambiguous function resolution for symbol 'g_strdup_inline': [CIRFunctionID(moduleID=MLIRModuleID(id=/tmp/big-projects-work/buggy/wireshark-1.2-buggy/epan/dissectors/packet-radius.c), id=g_strdup_inline), CIRFunctionID(moduleID=MLIRModuleID(id=/tmp/big-projects-work/buggy/wireshark-1.2-buggy/epan/radius_dict.c), id=g_strdup_inline)]
    06:15:02.058 [org.seqra.dataflow.ap.ifds.TaintAnalysisUnitRunnerManager-worker-1 @coroutine#169] WARN  o.s.i.i.CIRClasspathImplKt$logger$1 -- Find function by symbol name 'fprintf'
    06:15:02.058 [org.seqra.dataflow.ap.ifds.TaintAnalysisUnitRunnerManager-worker-1 @coroutine#169] WARN  o.s.i.i.CIRClasspathImplKt$logger$1 -- No definition for symbol 'fprintf', using declaration CIRFunctionID(moduleID=MLIRModuleID(id=/tmp/big-projects-work/buggy/wireshark-1.2-buggy/epan/radius_dict.c), id=fprintf)
    06:15:02.059 [org.seqra.dataflow.ap.ifds.TaintAnalysisUnitRunnerManager-worker-1 @coroutine#169] WARN  o.s.i.i.CIRClasspathImplKt$logger$1 -- Find function by symbol name 'malloc'
    06:15:02.059 [org.seqra.dataflow.ap.ifds.TaintAnalysisUnitRunnerManager-worker-1 @coroutine#169] WARN  o.s.i.i.CIRClasspathImplKt$logger$1 -- No definition for symbol 'malloc', using declaration CIRFunctionID(moduleID=MLIRModuleID(id=/tmp/big-projects-work/buggy/wireshark-1.2-buggy/epan/radius_dict.c), id=malloc)
    06:15:02.060 [org.seqra.dataflow.ap.ifds.TaintAnalysisUnitRunnerManager-worker-1 @coroutine#169] WARN  o.s.i.i.CIRClasspathImplKt$logger$1 -- Find function by symbol name 'g_strdup_inline'
    06:15:02.061 [org.seqra.dataflow.ap.ifds.TaintAnalysisUnitRunnerManager-worker-1 @coroutine#169] WARN  o.s.i.i.CIRClasspathImplKt$logger$1 -- Ambiguous function resolution for symbol 'g_strdup_inline': [CIRFunctionID(moduleID=MLIRModuleID(id=/tmp/big-projects-work/buggy/wireshark-1.2-buggy/epan/dissectors/packet-radius.c), id=g_strdup_inline), CIRFunctionID(moduleID=MLIRModuleID(id=/tmp/big-projects-work/buggy/wireshark-1.2-buggy/epan/radius_dict.c), id=g_strdup_inline)]
    06:15:02.139 [org.seqra.dataflow.ap.ifds.TaintAnalysisUnitRunnerManager-worker-1 @coroutine#169] WARN  o.s.i.i.CIRClasspathImplKt$logger$1 -- Find function by symbol name 'Radius_init_buffer'
    06:15:02.142 [org.seqra.dataflow.ap.ifds.TaintAnalysisUnitRunnerManager-worker-1 @coroutine#169] WARN  o.s.i.i.CIRClasspathImplKt$logger$1 -- Find function by symbol name 'free'
    06:15:02.143 [org.seqra.dataflow.ap.ifds.TaintAnalysisUnitRunnerManager-worker-1 @coroutine#169] WARN  o.s.i.i.CIRClasspathImplKt$logger$1 -- No definition for symbol 'free', using declaration CIRFunctionID(moduleID=MLIRModuleID(id=/tmp/big-projects-work/buggy/wireshark-1.2-buggy/epan/radius_dict.c), id=free)
    06:15:02.145 [org.seqra.dataflow.ap.ifds.TaintAnalysisUnitRunnerManager-worker-1 @coroutine#169] WARN  o.s.i.i.CIRClasspathImplKt$logger$1 -- Find function by symbol name 'Radius_flush_buffer'
    06:15:02.148 [org.seqra.dataflow.ap.ifds.TaintAnalysisUnitRunnerManager-worker-1 @coroutine#169] WARN  o.s.i.i.CIRClasspathImplKt$logger$1 -- Find function by symbol name 'realloc'
    06:15:02.148 [org.seqra.dataflow.ap.ifds.TaintAnalysisUnitRunnerManager-worker-1 @coroutine#169] WARN  o.s.i.i.CIRClasspathImplKt$logger$1 -- No definition for symbol 'realloc', using declaration CIRFunctionID(moduleID=MLIRModuleID(id=/tmp/big-projects-work/buggy/wireshark-1.2-buggy/epan/radius_dict.c), id=realloc)
    06:15:02.149 [org.seqra.dataflow.ap.ifds.TaintAnalysisUnitRunnerManager-worker-1 @coroutine#169] WARN  o.s.i.i.CIRClasspathImplKt$logger$1 -- Find function by symbol name 'fread'
    06:15:02.149 [org.seqra.dataflow.ap.ifds.TaintAnalysisUnitRunnerManager-worker-1 @coroutine#169] WARN  o.s.i.i.CIRClasspathImplKt$logger$1 -- No definition for symbol 'fread', using declaration CIRFunctionID(moduleID=MLIRModuleID(id=/tmp/big-projects-work/buggy/wireshark-1.2-buggy/epan/radius_dict.c), id=fread)
    06:15:02.150 [org.seqra.dataflow.ap.ifds.TaintAnalysisUnitRunnerManager-worker-1 @coroutine#169] WARN  o.s.i.i.CIRClasspathImplKt$logger$1 -- Find function by symbol name 'clearerr'
    06:15:02.151 [org.seqra.dataflow.ap.ifds.TaintAnalysisUnitRunnerManager-worker-1 @coroutine#169] WARN  o.s.i.i.CIRClasspathImplKt$logger$1 -- No definition for symbol 'clearerr', using declaration CIRFunctionID(moduleID=MLIRModuleID(id=/tmp/big-projects-work/buggy/wireshark-1.2-buggy/epan/radius_dict.c), id=clearerr)
    06:15:02.151 [org.seqra.dataflow.ap.ifds.TaintAnalysisUnitRunnerManager-worker-1 @coroutine#169] WARN  o.s.i.i.CIRClasspathImplKt$logger$1 -- Find function by symbol name 'ferror'
    06:15:02.152 [org.seqra.dataflow.ap.ifds.TaintAnalysisUnitRunnerManager-worker-1 @coroutine#169] WARN  o.s.i.i.CIRClasspathImplKt$logger$1 -- No definition for symbol 'ferror', using declaration CIRFunctionID(moduleID=MLIRModuleID(id=/tmp/big-projects-work/buggy/wireshark-1.2-buggy/epan/radius_dict.c), id=ferror)
    06:15:02.153 [org.seqra.dataflow.ap.ifds.TaintAnalysisUnitRunnerManager-worker-1 @coroutine#169] WARN  o.s.i.i.CIRClasspathImplKt$logger$1 -- Find function by symbol name 'getc'
    06:15:02.153 [org.seqra.dataflow.ap.ifds.TaintAnalysisUnitRunnerManager-worker-1 @coroutine#169] WARN  o.s.i.i.CIRClasspathImplKt$logger$1 -- No definition for symbol 'getc', using declaration CIRFunctionID(moduleID=MLIRModuleID(id=/tmp/big-projects-work/buggy/wireshark-1.2-buggy/epan/radius_dict.c), id=getc)
    06:15:02.155 [org.seqra.dataflow.ap.ifds.TaintAnalysisUnitRunnerManager-worker-1 @coroutine#169] WARN  o.s.i.i.CIRClasspathImplKt$logger$1 -- Find function by symbol name 'g_strdup_inline'
    06:15:02.156 [org.seqra.dataflow.ap.ifds.TaintAnalysisUnitRunnerManager-worker-1 @coroutine#169] WARN  o.s.i.i.CIRClasspathImplKt$logger$1 -- Ambiguous function resolution for symbol 'g_strdup_inline': [CIRFunctionID(moduleID=MLIRModuleID(id=/tmp/big-projects-work/buggy/wireshark-1.2-buggy/epan/dissectors/packet-radius.c), id=g_strdup_inline), CIRFunctionID(moduleID=MLIRModuleID(id=/tmp/big-projects-work/buggy/wireshark-1.2-buggy/epan/radius_dict.c), id=g_strdup_inline)]
    06:15:02.239 [org.seqra.dataflow.ap.ifds.TaintAnalysisUnitRunnerManager-worker-1 @coroutine#169] WARN  o.s.i.i.CIRClasspathImplKt$logger$1 -- Find function by symbol name 'add_tlv'
    06:15:03.158 [org.seqra.dataflow.ap.ifds.TaintAnalysisUnitRunnerManager-worker-1 @coroutine#169] WARN  o.s.i.i.CIRClasspathImplKt$logger$1 -- Find function by symbol name 'g_strdup_inline'
    06:15:03.159 [org.seqra.dataflow.ap.ifds.TaintAnalysisUnitRunnerManager-worker-1 @coroutine#169] WARN  o.s.i.i.CIRClasspathImplKt$logger$1 -- Ambiguous function resolution for symbol 'g_strdup_inline': [CIRFunctionID(moduleID=MLIRModuleID(id=/tmp/big-projects-work/buggy/wireshark-1.2-buggy/epan/dissectors/packet-radius.c), id=g_strdup_inline), CIRFunctionID(moduleID=MLIRModuleID(id=/tmp/big-projects-work/buggy/wireshark-1.2-buggy/epan/radius_dict.c), id=g_strdup_inline)]
    06:15:03.220 [Test worker @coroutine#171] INFO  o.s.d.a.i.TaintAnalysisUnitRunnerManager -- Progress: 700/0
    06:15:03.220 [Test worker @coroutine#171] INFO  o.s.d.a.i.TaintAnalysisUnitRunnerManager -- Memory usage: 10718869560/12884901888 (83.19%)
    06:15:03.221 [Test worker @coroutine#171] INFO  o.s.d.a.i.TaintAnalysisUnitRunnerManager -- Analysis done in 19.886573551s
    06:15:03.221 [Test worker] INFO  o.s.c.s.d.CIRTaintAnalyzer$Loader$logger$1 -- Total vulnerabilities: 117
    06:15:03.221 [Test worker] INFO  o.s.c.s.d.CIRTaintAnalyzer$Loader$logger$1 -- Start trace generation
    06:15:03.372 [Test worker] INFO  o.s.d.a.i.TaintAnalysisUnitRunnerManager -- Resolved 117/117 traces
    06:15:03.372 [Test worker] INFO  o.s.c.s.d.CIRTaintAnalyzer$Loader$logger$1 -- Finish trace generation
    06:15:24.525 [Test worker] INFO  o.s.c.s.s.k.KleeCirSeAnalyzer$logger$1 -- cir-klee exit=0 confirmed=false mem_errs=0 precond_violations=0 klee_ms=1203.472543 instr=25262 guide_ms=0.0 assert_ms=0.645042
    06:15:46.019 [Test worker] INFO  o.s.c.s.s.k.KleeCirSeAnalyzer$logger$1 -- cir-klee exit=0 confirmed=false mem_errs=0 precond_violations=0 klee_ms=1222.590126 instr=25262 guide_ms=0.0 assert_ms=0.818709
    06:16:16.000 [Test worker] INFO  o.s.c.s.s.k.KleeCirSeAnalyzer$logger$1 -- cir-klee exit=0 confirmed=false mem_errs=0 precond_violations=0 klee_ms=1950.839501 instr=25262 guide_ms=0.0 assert_ms=19.061166
    06:16:40.733 [Test worker] INFO  o.s.c.s.s.k.KleeCirSeAnalyzer$logger$1 -- cir-klee exit=0 confirmed=false mem_errs=0 precond_violations=0 klee_ms=1389.592584 instr=25262 guide_ms=0.0 assert_ms=5.978583
    06:17:03.268 [Test worker] INFO  o.s.c.s.s.k.KleeCirSeAnalyzer$logger$1 -- cir-klee exit=0 confirmed=false mem_errs=0 precond_violations=0 klee_ms=1172.653125 instr=25262 guide_ms=0.0 assert_ms=0.618833
    06:17:24.189 [Test worker] INFO  o.s.c.s.s.k.KleeCirSeAnalyzer$logger$1 -- cir-klee exit=0 confirmed=false mem_errs=0 precond_violations=0 klee_ms=1171.542959 instr=25262 guide_ms=0.0 assert_ms=10.376708
    06:17:46.349 [Test worker] INFO  o.s.c.s.s.k.KleeCirSeAnalyzer$logger$1 -- cir-klee exit=0 confirmed=false mem_errs=0 precond_violations=0 klee_ms=1189.108334 instr=25262 guide_ms=0.0 assert_ms=0.611958
    06:18:08.145 [Test worker] INFO  o.s.c.s.s.k.KleeCirSeAnalyzer$logger$1 -- cir-klee exit=0 confirmed=false mem_errs=0 precond_violations=0 klee_ms=1181.045959 instr=25262 guide_ms=0.0 assert_ms=0.698375
    06:18:29.386 [Test worker] INFO  o.s.c.s.s.k.KleeCirSeAnalyzer$logger$1 -- cir-klee exit=0 confirmed=false mem_errs=0 precond_violations=0 klee_ms=1183.737125 instr=25262 guide_ms=0.0 assert_ms=0.696375
    06:18:51.428 [Test worker] INFO  o.s.c.s.s.k.KleeCirSeAnalyzer$logger$1 -- cir-klee exit=0 confirmed=false mem_errs=0 precond_violations=0 klee_ms=1199.076293 instr=25262 guide_ms=0.0 assert_ms=0.655542
    06:19:12.431 [Test worker] INFO  o.s.c.s.s.k.KleeCirSeAnalyzer$logger$1 -- cir-klee exit=0 confirmed=false mem_errs=0 precond_violations=0 klee_ms=1173.255668 instr=25262 guide_ms=0.0 assert_ms=10.44525
    06:19:34.353 [Test worker] INFO  o.s.c.s.s.k.KleeCirSeAnalyzer$logger$1 -- cir-klee exit=0 confirmed=false mem_errs=0 precond_violations=0 klee_ms=1182.745084 instr=25262 guide_ms=0.0 assert_ms=0.652916
    06:19:55.827 [Test worker] INFO  o.s.c.s.s.k.KleeCirSeAnalyzer$logger$1 -- cir-klee exit=0 confirmed=false mem_errs=0 precond_violations=0 klee_ms=1198.0545 instr=25262 guide_ms=0.0 assert_ms=0.761333
    06:20:17.398 [Test worker] INFO  o.s.c.s.s.k.KleeCirSeAnalyzer$logger$1 -- cir-klee exit=0 confirmed=false mem_errs=0 precond_violations=0 klee_ms=1181.017042 instr=25262 guide_ms=0.0 assert_ms=0.612833
    06:20:39.337 [Test worker] INFO  o.s.c.s.s.k.KleeCirSeAnalyzer$logger$1 -- cir-klee exit=0 confirmed=false mem_errs=0 precond_violations=0 klee_ms=1233.973084 instr=25262 guide_ms=0.0 assert_ms=0.670833
    06:21:01.807 [Test worker] INFO  o.s.c.s.s.k.KleeCirSeAnalyzer$logger$1 -- cir-klee exit=0 confirmed=false mem_errs=0 precond_violations=0 klee_ms=1176.453459 instr=25262 guide_ms=0.0 assert_ms=10.28725

BigProjectsEntrypointsTest > bigProject(String, boolean, String, List) > 501116-v1.0.0:register_radius_fields FAILED
    org.opentest4j.AssertionFailedError at BigProjectsEntrypointsTest.kt:39

5 tests completed, 4 failed

> Task :test FAILED

FAILURE: Build failed with an exception.

* What went wrong:
Execution failed for task ':test'.
> There were failing tests. See the report at: file:///workspace/seqra-cir-sast/build/reports/tests/test/index.html

* Try:
> Run with --scan to get full insights.

BUILD FAILED in 13m 4s
24 actionable tasks: 24 executed
