Starting a Gradle Daemon, 2 busy Daemons could not be reused, use --status for details
> Task :buildSrc:checkKotlinGradlePluginConfigurationErrors
> Task :buildSrc:generateExternalPluginSpecBuilders
> Task :buildSrc:extractPrecompiledScriptPluginPlugins
> Task :buildSrc:compilePluginsBlocks
> Task :buildSrc:generatePrecompiledScriptPluginAccessors
> Task :buildSrc:generateScriptPluginAdapters
> Task :buildSrc:pluginDescriptors
> Task :buildSrc:processResources
> Task :buildSrc:compileKotlin
> Task :buildSrc:compileJava NO-SOURCE
> Task :buildSrc:compileGroovy NO-SOURCE
> Task :buildSrc:classes
> Task :buildSrc:jar
> Task :checkKotlinGradlePluginConfigurationErrors SKIPPED
> Task :seqra-cir-sast-dataflow:checkKotlinGradlePluginConfigurationErrors SKIPPED
> Task :seqra-cir-sast-se:checkKotlinGradlePluginConfigurationErrors SKIPPED
> Task :seqra-cir-sast-se:extractIncludeProto
> Task :seqra-cir-sast-se:extractProto
> Task :seqra-cir-sast-se:generateProto
> Task :processResources NO-SOURCE
> Task :processTestResources
> Task :seqra-cir-sast-dataflow:processResources NO-SOURCE
> Task :seqra-cir-sast-se:processResources
> Task :seqra-cir-sast-se:compileKotlin
> Task :seqra-cir-sast-dataflow:compileKotlin
> Task :seqra-cir-sast-se:compileJava
> Task :seqra-cir-sast-dataflow:compileJava NO-SOURCE
> Task :seqra-cir-sast-dataflow:classes UP-TO-DATE
> Task :seqra-cir-sast-dataflow:jar
> Task :seqra-cir-sast-se:classes
> Task :seqra-cir-sast-se:jar
> Task :compileKotlin
> Task :compileJava NO-SOURCE
> Task :classes UP-TO-DATE
> Task :jar
> Task :compileTestKotlin
> Task :compileTestJava NO-SOURCE
> Task :testClasses

> Task :test

BigProjectsEntrypointsTest > bigProject(String, boolean, String, List) > glib:entry_glib_uaf STANDARD_OUT
    03:42:58.938 [Test worker] INFO  jetbrains.exodus.io.FileDataWriter -- Uninterruptible file channel will be used
    03:43:00.018 [Test worker] INFO  j.exodus.env.EnvironmentImpl -- Exodus environment created: /tmp/xodusKeyValueStorage8602280856069438617
    03:43:06.128 [Test worker] WARN  o.s.i.i.CIRClasspathImplKt$logger$1 -- Find function by symbol name 'entry_glib_uaf'
    03:43:08.170 [Test worker] INFO  o.s.d.a.i.TaintAnalysisUnitRunnerManager -- Starting analysis of 1 methods in 1 units
    03:43:09.386 [org.seqra.dataflow.ap.ifds.TaintAnalysisUnitRunnerManager-worker-1 @coroutine#2] WARN  o.s.i.i.CIRClasspathImplKt$logger$1 -- Find function by symbol name 'g_malloc'
    03:43:09.388 [org.seqra.dataflow.ap.ifds.TaintAnalysisUnitRunnerManager-worker-1 @coroutine#2] WARN  o.s.i.i.CIRClasspathImplKt$logger$1 -- No definition for symbol 'g_malloc', using declaration CIRFunctionID(moduleID=MLIRModuleID(id=/tmp/glib_uaf.c), id=g_malloc)
    03:43:09.685 [org.seqra.dataflow.ap.ifds.TaintAnalysisUnitRunnerManager-worker-1 @coroutine#2] WARN  o.s.i.i.CIRClasspathImplKt$logger$1 -- Find function by symbol name 'g_free'
    03:43:09.687 [org.seqra.dataflow.ap.ifds.TaintAnalysisUnitRunnerManager-worker-1 @coroutine#2] WARN  o.s.i.i.CIRClasspathImplKt$logger$1 -- No definition for symbol 'g_free', using declaration CIRFunctionID(moduleID=MLIRModuleID(id=/tmp/glib_uaf.c), id=g_free)
    03:43:10.261 [Test worker @coroutine#4] INFO  o.s.d.a.i.TaintAnalysisUnitRunnerManager -- Progress: 3/0
    03:43:10.270 [Test worker @coroutine#4] INFO  o.s.d.a.i.TaintAnalysisUnitRunnerManager -- Memory usage: 12833822440/12884901888 (99.60%)
    03:43:10.276 [Test worker @coroutine#4] INFO  o.s.d.a.i.TaintAnalysisUnitRunnerManager -- Analysis done in 2.114743043s
    03:43:10.276 [Test worker] INFO  o.s.c.s.d.CIRTaintAnalyzer$Loader$logger$1 -- Total vulnerabilities: 3
    03:43:10.277 [Test worker] INFO  o.s.c.s.d.CIRTaintAnalyzer$Loader$logger$1 -- Start trace generation
    03:43:10.768 [Test worker] INFO  o.s.d.a.i.TaintAnalysisUnitRunnerManager -- Resolved 3/3 traces
    03:43:10.769 [Test worker] INFO  o.s.c.s.d.CIRTaintAnalyzer$Loader$logger$1 -- Finish trace generation
    03:43:13.675 [Test worker] INFO  o.s.c.s.s.k.KleeCirSeAnalyzer$logger$1 -- cir-klee exit=0 confirmed=true mem_errs=1 precond_violations=0 klee_ms=547.488292 instr=17 guide_ms=0.0 assert_ms=0.0
    03:43:13.686 [Test worker] INFO  o.s.c.s.s.k.KleeCirSeAnalyzer$logger$1 -- cir-klee artifacts kept: result=/tmp/cir-klee-result-17651787506255803712.pb log=/tmp/cir-klee-log-11077723960157963047.txt
    03:43:14.817 [Test worker] INFO  o.s.c.s.s.k.KleeCirSeAnalyzer$logger$1 -- cir-klee exit=0 confirmed=true mem_errs=1 precond_violations=0 klee_ms=490.572458 instr=17 guide_ms=0.0 assert_ms=0.0
    03:43:14.829 [Test worker] INFO  o.s.c.s.s.k.KleeCirSeAnalyzer$logger$1 -- cir-klee artifacts kept: result=/tmp/cir-klee-result-17233310371755301107.pb log=/tmp/cir-klee-log-17101790127030152976.txt

BigProjectsEntrypointsTest > bigProject(String, boolean, String, List) > glib:entry_glib_uaf PASSED

BUILD SUCCESSFUL in 1m 59s
24 actionable tasks: 24 executed
