To honour the JVM settings for this build a single-use Daemon process will be forked. For more on this, please refer to https://docs.gradle.org/8.10/userguide/gradle_daemon.html#sec:disabling_the_daemon in the Gradle documentation.
Daemon will be stopped at the end of the build 
> Task :buildSrc:checkKotlinGradlePluginConfigurationErrors
> Task :buildSrc:generateExternalPluginSpecBuilders UP-TO-DATE
> Task :buildSrc:extractPrecompiledScriptPluginPlugins UP-TO-DATE
> Task :buildSrc:compilePluginsBlocks
> Task :buildSrc:generatePrecompiledScriptPluginAccessors
> Task :buildSrc:generateScriptPluginAdapters UP-TO-DATE
> Task :buildSrc:pluginDescriptors UP-TO-DATE
> Task :buildSrc:processResources UP-TO-DATE
> Task :buildSrc:compileKotlin
> Task :buildSrc:compileJava NO-SOURCE
> Task :buildSrc:compileGroovy NO-SOURCE
> Task :buildSrc:classes UP-TO-DATE
> Task :buildSrc:jar
> Task :seqra-cir-dataflow:checkKotlinGradlePluginConfigurationErrors SKIPPED
> Task :seqra-dataflow:checkKotlinGradlePluginConfigurationErrors SKIPPED
> Task :seqra-cir-dataflow:processResources NO-SOURCE
> Task :seqra-cir-dataflow:generatePomFileForCir-dataflowPublication
> Task :seqra-cir-dataflow:kotlinSourcesJar
> Task :seqra-cir-dataflow:generatePomFileForMavenPublication
> Task :seqra-dataflow:compileKotlin
w: file:///workspace/seqra-dataflow-core/seqra-dataflow/src/main/kotlin/org/seqra/dataflow/ap/ifds/TaintAnalysisUnitRunnerManager.kt:89:48 This declaration needs opt-in. Its usage should be marked with '@kotlinx.coroutines.ExperimentalCoroutinesApi' or '@OptIn(kotlinx.coroutines.ExperimentalCoroutinesApi::class)'
w: file:///workspace/seqra-dataflow-core/seqra-dataflow/src/main/kotlin/org/seqra/dataflow/ap/ifds/TaintAnalysisUnitRunnerManager.kt:93:9 This declaration needs opt-in. Its usage should be marked with '@kotlinx.coroutines.ExperimentalCoroutinesApi' or '@OptIn(kotlinx.coroutines.ExperimentalCoroutinesApi::class)'
w: file:///workspace/seqra-dataflow-core/seqra-dataflow/src/main/kotlin/org/seqra/dataflow/ap/ifds/TaintAnalysisUnitRunnerManager.kt:96:10 This declaration needs opt-in. Its usage should be marked with '@kotlinx.coroutines.ExperimentalCoroutinesApi' or '@OptIn(kotlinx.coroutines.ExperimentalCoroutinesApi::class)'
w: file:///workspace/seqra-dataflow-core/seqra-dataflow/src/main/kotlin/org/seqra/dataflow/ap/ifds/access/automata/AccessGraph.kt:69:27 This extension is shadowed by a member: 'fun removeLast(): Long!' defined in 'it/unimi/dsi/fastutil/longs/LongList'.
w: file:///workspace/seqra-dataflow-core/seqra-dataflow/src/main/kotlin/org/seqra/dataflow/ap/ifds/access/automata/AccessGraph.kt:70:26 This extension is shadowed by a member: 'fun removeLast(): Int!' defined in 'it/unimi/dsi/fastutil/ints/IntList'.
w: file:///workspace/seqra-dataflow-core/seqra-dataflow/src/main/kotlin/org/seqra/dataflow/ap/ifds/access/cactus/AccessCactus.kt:172:30 Non-public primary constructor is exposed via the generated 'copy()' method of the 'data' class.

The generated 'copy()' will change its visibility in future releases.

To suppress the warning do one of the following:
- Annotate the data class with the '@ConsistentCopyVisibility' annotation.
- Use the '-Xconsistent-data-class-copy-visibility' compiler flag.
- Annotate the data class with the '@ExposedCopyVisibility' annotation 
  (Discouraged, but can be used to keep binary compatibility).

To learn more, see the documentation of the '@ConsistentCopyVisibility' and '@ExposedCopyVisibility' annotations.

This will become an error in Kotlin 2.2.
w: file:///workspace/seqra-dataflow-core/seqra-dataflow/src/main/kotlin/org/seqra/dataflow/ap/ifds/access/cactus/AccessPathWithCycles.kt:102:34 Non-public primary constructor is exposed via the generated 'copy()' method of the 'data' class.

The generated 'copy()' will change its visibility in future releases.

To suppress the warning do one of the following:
- Annotate the data class with the '@ConsistentCopyVisibility' annotation.
- Use the '-Xconsistent-data-class-copy-visibility' compiler flag.
- Annotate the data class with the '@ExposedCopyVisibility' annotation 
  (Discouraged, but can be used to keep binary compatibility).

To learn more, see the documentation of the '@ConsistentCopyVisibility' and '@ExposedCopyVisibility' annotations.

This will become an error in Kotlin 2.2.

> Task :seqra-dataflow:compileJava
> Task :seqra-cir-dataflow:compileKotlin
> Task :seqra-cir-dataflow:compileJava NO-SOURCE
> Task :seqra-cir-dataflow:classes UP-TO-DATE
> Task :seqra-cir-dataflow:jar
> Task :seqra-cir-dataflow:generateMetadataFileForCir-dataflowPublication
> Task :seqra-cir-dataflow:publishCir-dataflowPublicationToMavenLocal
> Task :seqra-cir-dataflow:generateMetadataFileForMavenPublication

> Task :seqra-cir-dataflow:publishMavenPublicationToMavenLocal
Multiple publications with coordinates 'org.seqra.seqra-dataflow-core:seqra-cir-dataflow:2025.10.01.6b66511' are published to repository 'mavenLocal'. The publications 'cir-dataflow' in project ':seqra-cir-dataflow' and 'maven' in project ':seqra-cir-dataflow' will overwrite each other!

> Task :seqra-cir-dataflow:publishToMavenLocal

BUILD SUCCESSFUL in 2m 8s
21 actionable tasks: 16 executed, 5 up-to-date
