To honour the JVM settings for this build a single-use Daemon process will be forked. For more on this, please refer to https://docs.gradle.org/8.11/userguide/gradle_daemon.html#sec:disabling_the_daemon in the Gradle documentation.
Daemon will be stopped at the end of the build 
> Task :buildSrc:checkKotlinGradlePluginConfigurationErrors SKIPPED
> Task :buildSrc:generateExternalPluginSpecBuilders UP-TO-DATE
> Task :buildSrc:extractPrecompiledScriptPluginPlugins UP-TO-DATE
> Task :buildSrc:compilePluginsBlocks
> Task :buildSrc:generatePrecompiledScriptPluginAccessors
> Task :buildSrc:generateScriptPluginAdapters UP-TO-DATE
> Task :buildSrc:pluginDescriptors UP-TO-DATE
> Task :buildSrc:processResources UP-TO-DATE
> Task :buildSrc:compileKotlin
> Task :buildSrc:compileJava NO-SOURCE
> Task :buildSrc:compileGroovy NO-SOURCE
> Task :buildSrc:classes UP-TO-DATE
> Task :buildSrc:jar
> Task :seqra-ir-api-cir:checkKotlinGradlePluginConfigurationErrors SKIPPED
> Task :seqra-ir-api-common:checkKotlinGradlePluginConfigurationErrors SKIPPED
> Task :seqra-ir-api-storage:checkKotlinGradlePluginConfigurationErrors SKIPPED
> Task :seqra-ir-core-cir:checkKotlinGradlePluginConfigurationErrors SKIPPED
> Task :seqra-ir-api-cir:processResources NO-SOURCE
> Task :seqra-ir-api-common:processResources NO-SOURCE
> Task :seqra-ir-api-storage:processResources NO-SOURCE
> Task :seqra-ir-storage:processResources UP-TO-DATE
> Task :seqra-ir-core-cir:extractIncludeProto
> Task :seqra-ir-core-cir:extractProto
> Task :seqra-ir-core-cir:generateProto
> Task :seqra-ir-storage:checkKotlinGradlePluginConfigurationErrors SKIPPED
> Task :seqra-ir-api-common:compileKotlin
> Task :seqra-ir-core-cir:processResources UP-TO-DATE
> Task :seqra-ir-api-common:compileJava NO-SOURCE
> Task :seqra-ir-core-cir:generatePomFileForIr-core-cirPublication
> Task :seqra-ir-core-cir:kotlinSourcesJar
> Task :seqra-ir-core-cir:generatePomFileForMavenPublication

> Task :seqra-ir-api-storage:compileKotlin
w: file:///workspace/seqra-ir/seqra-ir-api-storage/src/main/kotlin/org/seqra/ir/api/storage/ers/typed/ErsType.kt:37:87 Non-public primary constructor is exposed via the generated 'copy()' method of the 'data' class.

The generated 'copy()' will change its visibility in future releases.

To suppress the warning do one of the following:
- Annotate the data class with the '@ConsistentCopyVisibility' annotation.
- Use the '-Xconsistent-data-class-copy-visibility' compiler flag.
- Annotate the data class with the '@ExposedCopyVisibility' annotation 
  (Discouraged, but can be used to keep binary compatibility).

To learn more, see the documentation of the '@ConsistentCopyVisibility' and '@ExposedCopyVisibility' annotations.

This will become an error in Kotlin 2.1.
w: file:///workspace/seqra-ir/seqra-ir-api-storage/src/main/kotlin/org/seqra/ir/api/storage/ers/typed/ErsType.kt:49:66 Non-public primary constructor is exposed via the generated 'copy()' method of the 'data' class.

The generated 'copy()' will change its visibility in future releases.

To suppress the warning do one of the following:
- Annotate the data class with the '@ConsistentCopyVisibility' annotation.
- Use the '-Xconsistent-data-class-copy-visibility' compiler flag.
- Annotate the data class with the '@ExposedCopyVisibility' annotation 
  (Discouraged, but can be used to keep binary compatibility).

To learn more, see the documentation of the '@ConsistentCopyVisibility' and '@ExposedCopyVisibility' annotations.

This will become an error in Kotlin 2.1.

> Task :seqra-ir-api-storage:compileJava NO-SOURCE
> Task :seqra-ir-api-cir:compileKotlin
> Task :seqra-ir-api-cir:compileJava NO-SOURCE
> Task :seqra-ir-storage:compileKotlin
> Task :seqra-ir-storage:compileJava NO-SOURCE
> Task :seqra-ir-core-cir:compileKotlin
> Task :seqra-ir-core-cir:compileJava
> Task :seqra-ir-core-cir:classes
> Task :seqra-ir-core-cir:jar
> Task :seqra-ir-core-cir:generateMetadataFileForIr-core-cirPublication
> Task :seqra-ir-core-cir:publishIr-core-cirPublicationToMavenLocal
> Task :seqra-ir-core-cir:generateMetadataFileForMavenPublication

> Task :seqra-ir-core-cir:publishMavenPublicationToMavenLocal
Multiple publications with coordinates 'org.seqra:seqra-ir-core-cir:2025.10.01.86be2d2' are published to repository 'mavenLocal'. The publications 'ir-core-cir' in project ':seqra-ir-core-cir' and 'maven' in project ':seqra-ir-core-cir' will overwrite each other!

> Task :seqra-ir-core-cir:publishToMavenLocal
[Incubating] Problems report is available at: file:///workspace/seqra-ir/build/reports/problems/problems-report.html

Deprecated Gradle features were used in this build, making it incompatible with Gradle 9.0.

You can use '--warning-mode all' to show the individual deprecation warnings and determine if they come from your own scripts or plugins.

For more on this, please refer to https://docs.gradle.org/8.11/userguide/command_line_interface.html#sec:command_line_warnings in the Gradle documentation.

BUILD SUCCESSFUL in 4m 48s
28 actionable tasks: 21 executed, 7 up-to-date
